[    0.000000] Linux version 4.18.0.418.casio (student@vl63) (gcc version 5.4.0 20160609 (Ubuntu 5.4.0-6ubuntu1~16.04.12)) #1 SMP Sun Nov 10 15:21:21 EST 2019
[    0.000000] Command line: BOOT_IMAGE=/boot/vmlinuz-4.18.0.418.casio root=UUID=50ebc1fe-02f3-4d1f-a6dd-a98839e1c43c ro
[    0.000000] KERNEL supported cpus:
[    0.000000]   Intel GenuineIntel
[    0.000000]   AMD AuthenticAMD
[    0.000000]   Centaur CentaurHauls
[    0.000000] Disabled fast string operations
[    0.000000] x86/fpu: Supporting XSAVE feature 0x001: 'x87 floating point registers'
[    0.000000] x86/fpu: Supporting XSAVE feature 0x002: 'SSE registers'
[    0.000000] x86/fpu: Supporting XSAVE feature 0x004: 'AVX registers'
[    0.000000] x86/fpu: xstate_offset[2]:  576, xstate_sizes[2]:  256
[    0.000000] x86/fpu: Enabled xstate features 0x7, context size is 832 bytes, using 'standard' format.
[    0.000000] BIOS-provided physical RAM map:
[    0.000000] BIOS-e820: [mem 0x0000000000000000-0x000000000009f3ff] usable
[    0.000000] BIOS-e820: [mem 0x000000000009f400-0x000000000009ffff] reserved
[    0.000000] BIOS-e820: [mem 0x00000000000dc000-0x00000000000fffff] reserved
[    0.000000] BIOS-e820: [mem 0x0000000000100000-0x000000003feeffff] usable
[    0.000000] BIOS-e820: [mem 0x000000003fef0000-0x000000003fefefff] ACPI data
[    0.000000] BIOS-e820: [mem 0x000000003feff000-0x000000003fefffff] ACPI NVS
[    0.000000] BIOS-e820: [mem 0x000000003ff00000-0x000000003fffffff] usable
[    0.000000] BIOS-e820: [mem 0x00000000f0000000-0x00000000f7ffffff] reserved
[    0.000000] BIOS-e820: [mem 0x00000000fec00000-0x00000000fec0ffff] reserved
[    0.000000] BIOS-e820: [mem 0x00000000fee00000-0x00000000fee00fff] reserved
[    0.000000] BIOS-e820: [mem 0x00000000fffe0000-0x00000000ffffffff] reserved
[    0.000000] NX (Execute Disable) protection: active
[    0.000000] SMBIOS 2.4 present.
[    0.000000] DMI: VMware, Inc. VMware Virtual Platform/440BX Desktop Reference Platform, BIOS 6.00 09/21/2015
[    0.000000] Hypervisor detected: VMware
[    0.000000] vmware: TSC freq read from hypervisor : 1800.000 MHz
[    0.000000] vmware: Host bus clock speed read from hypervisor : 66000000 Hz
[    0.000000] vmware: using sched offset of 9546773319 ns
[    0.000000] e820: update [mem 0x00000000-0x00000fff] usable ==> reserved
[    0.000000] e820: remove [mem 0x000a0000-0x000fffff] usable
[    0.000000] last_pfn = 0x40000 max_arch_pfn = 0x400000000
[    0.000000] MTRR default type: uncachable
[    0.000000] MTRR fixed ranges enabled:
[    0.000000]   00000-9FFFF write-back
[    0.000000]   A0000-BFFFF uncachable
[    0.000000]   C0000-CFFFF write-protect
[    0.000000]   D0000-EFFFF uncachable
[    0.000000]   F0000-FFFFF write-protect
[    0.000000] MTRR variable ranges enabled:
[    0.000000]   0 base 00000000000 mask 3FFC0000000 write-back
[    0.000000]   1 disabled
[    0.000000]   2 disabled
[    0.000000]   3 disabled
[    0.000000]   4 disabled
[    0.000000]   5 disabled
[    0.000000]   6 disabled
[    0.000000]   7 disabled
[    0.000000] x86/PAT: Configuration [0-7]: WB  WC  UC- UC  WB  WP  UC- WT  
[    0.000000] found SMP MP-table at [mem 0x000f6b30-0x000f6b3f] mapped at [(____ptrval____)]
[    0.000000] Scanning 1 areas for low memory corruption
[    0.000000] Base memory trampoline at [(____ptrval____)] 99000 size 24576
[    0.000000] BRK [0x24df1000, 0x24df1fff] PGTABLE
[    0.000000] BRK [0x24df2000, 0x24df2fff] PGTABLE
[    0.000000] BRK [0x24df3000, 0x24df3fff] PGTABLE
[    0.000000] BRK [0x24df4000, 0x24df4fff] PGTABLE
[    0.000000] BRK [0x24df5000, 0x24df5fff] PGTABLE
[    0.000000] RAMDISK: [mem 0x31ff8000-0x34ff3fff]
[    0.000000] ACPI: Early table checksum verification disabled
[    0.000000] ACPI: RSDP 0x00000000000F6AC0 000024 (v02 PTLTD )
[    0.000000] ACPI: XSDT 0x000000003FEF10C3 00005C (v01 INTEL  440BX    06040000 VMW  01324272)
[    0.000000] ACPI: FACP 0x000000003FEFEE73 0000F4 (v04 INTEL  440BX    06040000 PTL  000F4240)
[    0.000000] ACPI: DSDT 0x000000003FEF1349 00DB2A (v01 PTLTD  Custom   06040000 MSFT 03000001)
[    0.000000] ACPI: FACS 0x000000003FEFFFC0 000040
[    0.000000] ACPI: FACS 0x000000003FEFFFC0 000040
[    0.000000] ACPI: BOOT 0x000000003FEF1321 000028 (v01 PTLTD  $SBFTBL$ 06040000  LTP 00000001)
[    0.000000] ACPI: APIC 0x000000003FEF12C3 00005E (v01 PTLTD  ? APIC   06040000  LTP 00000000)
[    0.000000] ACPI: MCFG 0x000000003FEF1287 00003C (v01 PTLTD  $PCITBL$ 06040000  LTP 00000001)
[    0.000000] ACPI: SRAT 0x000000003FEF11BF 0000C8 (v02 VMWARE MEMPLUG  06040000 VMW  00000001)
[    0.000000] ACPI: HPET 0x000000003FEF1187 000038 (v01 VMWARE VMW HPET 06040000 VMW  00000001)
[    0.000000] ACPI: WAET 0x000000003FEF115F 000028 (v01 VMWARE VMW WAET 06040000 VMW  00000001)
[    0.000000] ACPI: Local APIC address 0xfee00000
[    0.000000] SRAT: PXM 0 -> APIC 0x00 -> Node 0
[    0.000000] SRAT: PXM 0 -> APIC 0x01 -> Node 0
[    0.000000] ACPI: SRAT: Node 0 PXM 0 [mem 0x00000000-0x0009ffff]
[    0.000000] ACPI: SRAT: Node 0 PXM 0 [mem 0x00100000-0x0fffffff]
[    0.000000] ACPI: SRAT: Node 0 PXM 0 [mem 0x10000000-0x3fffffff]
[    0.000000] NUMA: Node 0 [mem 0x00000000-0x0009ffff] + [mem 0x00100000-0x0fffffff] -> [mem 0x00000000-0x0fffffff]
[    0.000000] NUMA: Node 0 [mem 0x00000000-0x0fffffff] + [mem 0x10000000-0x3fffffff] -> [mem 0x00000000-0x3fffffff]
[    0.000000] NODE_DATA(0) allocated [mem 0x3fffb000-0x3fffffff]
[    0.000000] Zone ranges:
[    0.000000]   DMA      [mem 0x0000000000001000-0x0000000000ffffff]
[    0.000000]   DMA32    [mem 0x0000000001000000-0x000000003fffffff]
[    0.000000]   Normal   empty
[    0.000000]   Device   empty
[    0.000000] Movable zone start for each node
[    0.000000] Early memory node ranges
[    0.000000]   node   0: [mem 0x0000000000001000-0x000000000009efff]
[    0.000000]   node   0: [mem 0x0000000000100000-0x000000003feeffff]
[    0.000000]   node   0: [mem 0x000000003ff00000-0x000000003fffffff]
[    0.000000] Reserved but unavailable: 114 pages
[    0.000000] Initmem setup node 0 [mem 0x0000000000001000-0x000000003fffffff]
[    0.000000] On node 0 totalpages: 262030
[    0.000000]   DMA zone: 64 pages used for memmap
[    0.000000]   DMA zone: 21 pages reserved
[    0.000000]   DMA zone: 3998 pages, LIFO batch:0
[    0.000000]   DMA32 zone: 4032 pages used for memmap
[    0.000000]   DMA32 zone: 258032 pages, LIFO batch:31
[    0.000000] ACPI: PM-Timer IO Port: 0x1008
[    0.000000] ACPI: Local APIC address 0xfee00000
[    0.000000] ACPI: LAPIC_NMI (acpi_id[0x00] high edge lint[0x1])
[    0.000000] ACPI: LAPIC_NMI (acpi_id[0x01] high edge lint[0x1])
[    0.000000] IOAPIC[0]: apic_id 2, version 17, address 0xfec00000, GSI 0-23
[    0.000000] ACPI: INT_SRC_OVR (bus 0 bus_irq 0 global_irq 2 high edge)
[    0.000000] ACPI: IRQ0 used by override.
[    0.000000] ACPI: IRQ9 used by override.
[    0.000000] Using ACPI (MADT) for SMP configuration information
[    0.000000] ACPI: HPET id: 0x8086af01 base: 0xfed00000
[    0.000000] smpboot: Allowing 2 CPUs, 0 hotplug CPUs
[    0.000000] PM: Registered nosave memory: [mem 0x00000000-0x00000fff]
[    0.000000] PM: Registered nosave memory: [mem 0x0009f000-0x0009ffff]
[    0.000000] PM: Registered nosave memory: [mem 0x000a0000-0x000dbfff]
[    0.000000] PM: Registered nosave memory: [mem 0x000dc000-0x000fffff]
[    0.000000] PM: Registered nosave memory: [mem 0x3fef0000-0x3fefefff]
[    0.000000] PM: Registered nosave memory: [mem 0x3feff000-0x3fefffff]
[    0.000000] [mem 0x40000000-0xefffffff] available for PCI devices
[    0.000000] Booting paravirtualized kernel on VMware hypervisor
[    0.000000] clocksource: refined-jiffies: mask: 0xffffffff max_cycles: 0xffffffff, max_idle_ns: 7645519600211568 ns
[    0.000000] random: get_random_bytes called from start_kernel+0x94/0x4f1 with crng_init=0
[    0.000000] setup_percpu: NR_CPUS:512 nr_cpumask_bits:512 nr_cpu_ids:2 nr_node_ids:1
[    0.000000] percpu: Embedded 45 pages/cpu @(____ptrval____) s146584 r8192 d29544 u1048576
[    0.000000] pcpu-alloc: s146584 r8192 d29544 u1048576 alloc=1*2097152
[    0.000000] pcpu-alloc: [0] 0 1 
[    0.000000] Built 1 zonelists, mobility grouping on.  Total pages: 257913
[    0.000000] Policy zone: DMA32
[    0.000000] Kernel command line: BOOT_IMAGE=/boot/vmlinuz-4.18.0.418.casio root=UUID=50ebc1fe-02f3-4d1f-a6dd-a98839e1c43c ro
[    0.000000] Calgary: detecting Calgary via BIOS EBDA area
[    0.000000] Calgary: Unable to locate Rio Grande table in EBDA - bailing!
[    0.000000] Memory: 951376K/1048120K available (12300K kernel code, 1580K rwdata, 3900K rodata, 1708K init, 5220K bss, 96744K reserved, 0K cma-reserved)
[    0.000000] SLUB: HWalign=64, Order=0-3, MinObjects=0, CPUs=2, Nodes=1
[    0.000000] Kernel/User page tables isolation: enabled
[    0.000000] ftrace: allocating 38713 entries in 152 pages
[    0.004000] Hierarchical RCU implementation.
[    0.004000] 	RCU restricting CPUs from NR_CPUS=512 to nr_cpu_ids=2.
[    0.004000] RCU: Adjusting geometry for rcu_fanout_leaf=16, nr_cpu_ids=2
[    0.004000] NR_IRQS: 33024, nr_irqs: 440, preallocated irqs: 16
[    0.004000] Console: colour VGA+ 80x25
[    0.004000] console [tty0] enabled
[    0.004000] ACPI: Core revision 20180531
[    0.004000] clocksource: hpet: mask: 0xffffffff max_cycles: 0xffffffff, max_idle_ns: 133484882848 ns
[    0.004000] hpet clockevent registered
[    0.004000] APIC: Switch to symmetric I/O mode setup
[    0.004000] x2apic enabled
[    0.004000] Switched APIC routing to physical x2apic.
[    0.008751] ..TIMER: vector=0x30 apic1=0 pin1=2 apic2=-1 pin2=-1
[    0.009874] tsc: Detected 1800.000 MHz processor
[    0.010420] clocksource: tsc-early: mask: 0xffffffffffffffff max_cycles: 0x19f2297dd97, max_idle_ns: 440795236593 ns
[    0.010420] Calibrating delay loop (skipped) preset value.. 3600.00 BogoMIPS (lpj=7200000)
[    0.012007] pid_max: default: 32768 minimum: 301
[    0.012534] Security Framework initialized
[    0.012995] Yama: becoming mindful.
[    0.013398] AppArmor: AppArmor initialized
[    0.014185] Dentry cache hash table entries: 131072 (order: 8, 1048576 bytes)
[    0.015415] Inode-cache hash table entries: 65536 (order: 7, 524288 bytes)
[    0.016033] Mount-cache hash table entries: 2048 (order: 2, 16384 bytes)
[    0.016723] Mountpoint-cache hash table entries: 2048 (order: 2, 16384 bytes)
[    0.018004] Disabled fast string operations
[    0.018460] CPU: Physical Processor ID: 0
[    0.018881] CPU: Processor Core ID: 0
[    0.019296] mce: CPU supports 0 MCE banks
[    0.020076] Last level iTLB entries: 4KB 512, 2MB 8, 4MB 8
[    0.020682] Last level dTLB entries: 4KB 512, 2MB 32, 4MB 32, 1GB 0
[    0.021604] Spectre V2 : Mitigation: Full generic retpoline
[    0.022231] Spectre V2 : Spectre v2 mitigation: Enabling Indirect Branch Prediction Barrier
[    0.023145] Spectre V2 : Enabling Restricted Speculation for firmware calls
[    0.024006] Speculative Store Bypass: Mitigation: Speculative Store Bypass disabled via prctl and seccomp
[    0.025276] Freeing SMP alternatives memory: 36K
[    0.028286] TSC deadline timer enabled
[    0.028392] smpboot: CPU0: Intel(R) Xeon(R) CPU E5-2403 0 @ 1.80GHz (family: 0x6, model: 0x2d, stepping: 0x7)
[    0.029461] Performance Events: SandyBridge events, core PMU driver.
[    0.030107] core: CPUID marked event: 'cpu cycles' unavailable
[    0.030652] core: CPUID marked event: 'instructions' unavailable
[    0.031179] core: CPUID marked event: 'bus cycles' unavailable
[    0.031700] core: CPUID marked event: 'cache references' unavailable
[    0.032000] core: CPUID marked event: 'cache misses' unavailable
[    0.032009] core: CPUID marked event: 'branch instructions' unavailable
[    0.032604] core: CPUID marked event: 'branch misses' unavailable
[    0.033146] ... version:                1
[    0.033511] ... bit width:              48
[    0.033880] ... generic registers:      8
[    0.034239] ... value mask:             0000ffffffffffff
[    0.034705] ... max period:             000000007fffffff
[    0.035176] ... fixed-purpose events:   0
[    0.035534] ... event mask:             00000000000000ff
[    0.036130] Hierarchical SRCU implementation.
[    0.037522] NMI watchdog: Perf event create on CPU 0 failed with -2
[    0.038281] NMI watchdog: Perf NMI watchdog permanently disabled
[    0.038907] smp: Bringing up secondary CPUs ...
[    0.039511] x86: Booting SMP configuration:
[    0.039902] .... node  #0, CPUs:      #1
[    0.004000] Disabled fast string operations
[    0.004000] mce: CPU supports 0 MCE banks
[    0.042375] smp: Brought up 1 node, 2 CPUs
[    0.042375] smpboot: Max logical packages: 1
[    0.042375] smpboot: Total of 2 processors activated (7200.00 BogoMIPS)
[    0.042375] devtmpfs: initialized
[    0.042375] x86/mm: Memory block size: 128MB
[    0.044189] PM: Registering ACPI NVS region [mem 0x3feff000-0x3fefffff] (4096 bytes)
[    0.044275] clocksource: jiffies: mask: 0xffffffff max_cycles: 0xffffffff, max_idle_ns: 7645041785100000 ns
[    0.044452] futex hash table entries: 512 (order: 3, 32768 bytes)
[    0.044642] pinctrl core: initialized pinctrl subsystem
[    0.045103] RTC time: 18:30:55, date: 11/11/19
[    0.045474] NET: Registered protocol family 16
[    0.045771] audit: initializing netlink subsys (disabled)
[    0.045900] audit: type=2000 audit(1573497054.044:1): state=initialized audit_enabled=0 res=1
[    0.045900] cpuidle: using governor ladder
[    0.045900] cpuidle: using governor menu
[    0.045900] Simple Boot Flag at 0x36 set to 0x80
[    0.045900] ACPI: bus type PCI registered
[    0.045900] acpiphp: ACPI Hot Plug PCI Controller Driver version: 0.5
[    0.046062] PCI: MMCONFIG for domain 0000 [bus 00-7f] at [mem 0xf0000000-0xf7ffffff] (base 0xf0000000)
[    0.046233] PCI: MMCONFIG at [mem 0xf0000000-0xf7ffffff] reserved in E820
[    0.046367] PCI: Using configuration type 1 for base access
[    0.048014] core: PMU erratum BJ122, BV98, HSD29 workaround disabled, HT off
[    0.048326] mtrr: your CPUs had inconsistent variable MTRR settings
[    0.048492] mtrr: probably your BIOS does not setup all CPUs.
[    0.048769] mtrr: corrected configuration.
[    0.052083] HugeTLB registered 2.00 MiB page size, pre-allocated 0 pages
[    0.052210] ACPI: Added _OSI(Module Device)
[    0.052240] ACPI: Added _OSI(Processor Device)
[    0.052329] ACPI: Added _OSI(3.0 _SCP Extensions)
[    0.052422] ACPI: Added _OSI(Processor Aggregator Device)
[    0.052523] ACPI: Added _OSI(Linux-Dell-Video)
[    0.064797] ACPI: 1 ACPI AML tables successfully acquired and loaded
[    0.068650] ACPI: [Firmware Bug]: BIOS _OSI(Linux) query ignored
[    0.076886] ACPI: Interpreter enabled
[    0.076998] ACPI: (supports S0 S1 S4 S5)
[    0.077081] ACPI: Using IOAPIC for interrupt routing
[    0.077216] PCI: Using host bridge windows from ACPI; if necessary, use "pci=nocrs" and report a bug
[    0.078115] ACPI: Enabled 4 GPEs in block 00 to 0F
[    0.151495] ACPI: PCI Root Bridge [PCI0] (domain 0000 [bus 00-7f])
[    0.151654] acpi PNP0A03:00: _OSC: OS supports [ExtendedConfig ASPM ClockPM Segments MSI]
[    0.152165] acpi PNP0A03:00: _OSC: platform does not support [AER LTR]
[    0.152637] acpi PNP0A03:00: _OSC: OS now controls [PCIeHotplug PME PCIeCapability]
[    0.156178] PCI host bridge to bus 0000:00
[    0.156273] pci_bus 0000:00: root bus resource [mem 0x000a0000-0x000bffff window]
[    0.156411] pci_bus 0000:00: root bus resource [mem 0x000d0000-0x000d3fff window]
[    0.156549] pci_bus 0000:00: root bus resource [mem 0x000d4000-0x000d7fff window]
[    0.156686] pci_bus 0000:00: root bus resource [mem 0x000d8000-0x000dbfff window]
[    0.156823] pci_bus 0000:00: root bus resource [mem 0x40000000-0xfebfffff window]
[    0.156960] pci_bus 0000:00: root bus resource [io  0x0000-0x0cf7 window]
[    0.157081] pci_bus 0000:00: root bus resource [io  0x0d00-0xfeff window]
[    0.157202] pci_bus 0000:00: root bus resource [bus 00-7f]
[    0.157411] pci 0000:00:00.0: [8086:7190] type 00 class 0x060000
[    0.158802] pci 0000:00:01.0: [8086:7191] type 01 class 0x060400
[    0.159896] pci 0000:00:07.0: [8086:7110] type 00 class 0x060100
[    0.161388] pci 0000:00:07.1: [8086:7111] type 00 class 0x01018a
[    0.164014] pci 0000:00:07.1: reg 0x20: [io  0x1060-0x106f]
[    0.165010] pci 0000:00:07.1: legacy IDE quirk: reg 0x10: [io  0x01f0-0x01f7]
[    0.165148] pci 0000:00:07.1: legacy IDE quirk: reg 0x14: [io  0x03f6]
[    0.165266] pci 0000:00:07.1: legacy IDE quirk: reg 0x18: [io  0x0170-0x0177]
[    0.165391] pci 0000:00:07.1: legacy IDE quirk: reg 0x1c: [io  0x0376]
[    0.166206] pci 0000:00:07.3: [8086:7113] type 00 class 0x068000
[    0.168957] pci 0000:00:07.3: quirk: [io  0x1000-0x103f] claimed by PIIX4 ACPI
[    0.169284] pci 0000:00:07.3: quirk: [io  0x1040-0x104f] claimed by PIIX4 SMB
[    0.170135] pci 0000:00:07.7: [15ad:0740] type 00 class 0x088000
[    0.171536] pci 0000:00:07.7: reg 0x10: [io  0x1080-0x10bf]
[    0.172707] pci 0000:00:07.7: reg 0x14: [mem 0xfebfe000-0xfebfffff 64bit]
[    0.178377] pci 0000:00:0f.0: [15ad:0405] type 00 class 0x030000
[    0.181616] pci 0000:00:0f.0: reg 0x10: [io  0x1070-0x107f]
[    0.184011] pci 0000:00:0f.0: reg 0x14: [mem 0xe8000000-0xefffffff pref]
[    0.187671] pci 0000:00:0f.0: reg 0x18: [mem 0xfe000000-0xfe7fffff]
[    0.197569] pci 0000:00:0f.0: reg 0x30: [mem 0x00000000-0x00007fff pref]
[    0.198568] pci 0000:00:10.0: [1000:0030] type 00 class 0x010000
[    0.200012] pci 0000:00:10.0: reg 0x10: [io  0x1400-0x14ff]
[    0.201913] pci 0000:00:10.0: reg 0x14: [mem 0xfeba0000-0xfebbffff 64bit]
[    0.203884] pci 0000:00:10.0: reg 0x1c: [mem 0xfebc0000-0xfebdffff 64bit]
[    0.206776] pci 0000:00:10.0: reg 0x30: [mem 0x00000000-0x00003fff pref]
[    0.207626] pci 0000:00:11.0: [15ad:0790] type 01 class 0x060401
[    0.209194] pci 0000:00:15.0: [15ad:07a0] type 01 class 0x060400
[    0.210629] pci 0000:00:15.0: PME# supported from D0 D3hot D3cold
[    0.211394] pci 0000:00:15.1: [15ad:07a0] type 01 class 0x060400
[    0.212831] pci 0000:00:15.1: PME# supported from D0 D3hot D3cold
[    0.213592] pci 0000:00:15.2: [15ad:07a0] type 01 class 0x060400
[    0.215022] pci 0000:00:15.2: PME# supported from D0 D3hot D3cold
[    0.215782] pci 0000:00:15.3: [15ad:07a0] type 01 class 0x060400
[    0.217202] pci 0000:00:15.3: PME# supported from D0 D3hot D3cold
[    0.218018] pci 0000:00:15.4: [15ad:07a0] type 01 class 0x060400
[    0.219479] pci 0000:00:15.4: PME# supported from D0 D3hot D3cold
[    0.220243] pci 0000:00:15.5: [15ad:07a0] type 01 class 0x060400
[    0.221673] pci 0000:00:15.5: PME# supported from D0 D3hot D3cold
[    0.222415] pci 0000:00:15.6: [15ad:07a0] type 01 class 0x060400
[    0.223841] pci 0000:00:15.6: PME# supported from D0 D3hot D3cold
[    0.224585] pci 0000:00:15.7: [15ad:07a0] type 01 class 0x060400
[    0.226011] pci 0000:00:15.7: PME# supported from D0 D3hot D3cold
[    0.226747] pci 0000:00:16.0: [15ad:07a0] type 01 class 0x060400
[    0.228173] pci 0000:00:16.0: PME# supported from D0 D3hot D3cold
[    0.228942] pci 0000:00:16.1: [15ad:07a0] type 01 class 0x060400
[    0.230369] pci 0000:00:16.1: PME# supported from D0 D3hot D3cold
[    0.231105] pci 0000:00:16.2: [15ad:07a0] type 01 class 0x060400
[    0.232666] pci 0000:00:16.2: PME# supported from D0 D3hot D3cold
[    0.233416] pci 0000:00:16.3: [15ad:07a0] type 01 class 0x060400
[    0.234846] pci 0000:00:16.3: PME# supported from D0 D3hot D3cold
[    0.235803] pci 0000:00:16.4: [15ad:07a0] type 01 class 0x060400
[    0.237257] pci 0000:00:16.4: PME# supported from D0 D3hot D3cold
[    0.238008] pci 0000:00:16.5: [15ad:07a0] type 01 class 0x060400
[    0.239470] pci 0000:00:16.5: PME# supported from D0 D3hot D3cold
[    0.240219] pci 0000:00:16.6: [15ad:07a0] type 01 class 0x060400
[    0.241651] pci 0000:00:16.6: PME# supported from D0 D3hot D3cold
[    0.242387] pci 0000:00:16.7: [15ad:07a0] type 01 class 0x060400
[    0.243813] pci 0000:00:16.7: PME# supported from D0 D3hot D3cold
[    0.244545] pci 0000:00:17.0: [15ad:07a0] type 01 class 0x060400
[    0.245972] pci 0000:00:17.0: PME# supported from D0 D3hot D3cold
[    0.246708] pci 0000:00:17.1: [15ad:07a0] type 01 class 0x060400
[    0.248137] pci 0000:00:17.1: PME# supported from D0 D3hot D3cold
[    0.248905] pci 0000:00:17.2: [15ad:07a0] type 01 class 0x060400
[    0.250334] pci 0000:00:17.2: PME# supported from D0 D3hot D3cold
[    0.251072] pci 0000:00:17.3: [15ad:07a0] type 01 class 0x060400
[    0.252487] pci 0000:00:17.3: PME# supported from D0 D3hot D3cold
[    0.253230] pci 0000:00:17.4: [15ad:07a0] type 01 class 0x060400
[    0.254655] pci 0000:00:17.4: PME# supported from D0 D3hot D3cold
[    0.255390] pci 0000:00:17.5: [15ad:07a0] type 01 class 0x060400
[    0.256809] pci 0000:00:17.5: PME# supported from D0 D3hot D3cold
[    0.257547] pci 0000:00:17.6: [15ad:07a0] type 01 class 0x060400
[    0.259007] pci 0000:00:17.6: PME# supported from D0 D3hot D3cold
[    0.259749] pci 0000:00:17.7: [15ad:07a0] type 01 class 0x060400
[    0.261178] pci 0000:00:17.7: PME# supported from D0 D3hot D3cold
[    0.261938] pci 0000:00:18.0: [15ad:07a0] type 01 class 0x060400
[    0.263364] pci 0000:00:18.0: PME# supported from D0 D3hot D3cold
[    0.264088] pci 0000:00:18.1: [15ad:07a0] type 01 class 0x060400
[    0.265515] pci 0000:00:18.1: PME# supported from D0 D3hot D3cold
[    0.266254] pci 0000:00:18.2: [15ad:07a0] type 01 class 0x060400
[    0.267682] pci 0000:00:18.2: PME# supported from D0 D3hot D3cold
[    0.268416] pci 0000:00:18.3: [15ad:07a0] type 01 class 0x060400
[    0.269873] pci 0000:00:18.3: PME# supported from D0 D3hot D3cold
[    0.270614] pci 0000:00:18.4: [15ad:07a0] type 01 class 0x060400
[    0.272047] pci 0000:00:18.4: PME# supported from D0 D3hot D3cold
[    0.272787] pci 0000:00:18.5: [15ad:07a0] type 01 class 0x060400
[    0.274213] pci 0000:00:18.5: PME# supported from D0 D3hot D3cold
[    0.274949] pci 0000:00:18.6: [15ad:07a0] type 01 class 0x060400
[    0.276377] pci 0000:00:18.6: PME# supported from D0 D3hot D3cold
[    0.277116] pci 0000:00:18.7: [15ad:07a0] type 01 class 0x060400
[    0.278542] pci 0000:00:18.7: PME# supported from D0 D3hot D3cold
[    0.279395] pci_bus 0000:01: extended config space not accessible
[    0.280141] pci 0000:00:01.0: PCI bridge to [bus 01]
[    0.280651] pci_bus 0000:02: extended config space not accessible
[    0.281183] acpiphp: Slot [32] registered
[    0.281353] acpiphp: Slot [33] registered
[    0.281513] acpiphp: Slot [34] registered
[    0.281681] acpiphp: Slot [35] registered
[    0.281838] acpiphp: Slot [36] registered
[    0.281994] acpiphp: Slot [37] registered
[    0.282151] acpiphp: Slot [38] registered
[    0.282315] acpiphp: Slot [39] registered
[    0.282475] acpiphp: Slot [40] registered
[    0.282633] acpiphp: Slot [41] registered
[    0.282790] acpiphp: Slot [42] registered
[    0.282948] acpiphp: Slot [43] registered
[    0.283105] acpiphp: Slot [44] registered
[    0.283263] acpiphp: Slot [45] registered
[    0.283422] acpiphp: Slot [46] registered
[    0.283578] acpiphp: Slot [47] registered
[    0.283735] acpiphp: Slot [48] registered
[    0.283891] acpiphp: Slot [49] registered
[    0.284055] acpiphp: Slot [50] registered
[    0.284217] acpiphp: Slot [51] registered
[    0.284377] acpiphp: Slot [52] registered
[    0.284534] acpiphp: Slot [53] registered
[    0.284691] acpiphp: Slot [54] registered
[    0.284851] acpiphp: Slot [55] registered
[    0.285009] acpiphp: Slot [56] registered
[    0.285168] acpiphp: Slot [57] registered
[    0.285331] acpiphp: Slot [58] registered
[    0.285488] acpiphp: Slot [59] registered
[    0.285645] acpiphp: Slot [60] registered
[    0.285802] acpiphp: Slot [61] registered
[    0.285959] acpiphp: Slot [62] registered
[    0.286117] acpiphp: Slot [63] registered
[    0.286418] pci 0000:02:01.0: [15ad:07e0] type 00 class 0x010601
[    0.291697] pci 0000:02:01.0: reg 0x24: [mem 0xfd5ff000-0xfd5fffff]
[    0.292480] pci 0000:02:01.0: reg 0x30: [mem 0x00000000-0x0000ffff pref]
[    0.293245] pci 0000:02:01.0: PME# supported from D3hot
[    0.294294] pci 0000:00:11.0: PCI bridge to [bus 02] (subtractive decode)
[    0.294460] pci 0000:00:11.0:   bridge window [io  0x2000-0x3fff]
[    0.294501] pci 0000:00:11.0:   bridge window [mem 0xfd500000-0xfdffffff]
[    0.294578] pci 0000:00:11.0:   bridge window [mem 0xe7b00000-0xe7ffffff 64bit pref]
[    0.294582] pci 0000:00:11.0:   bridge window [mem 0x000a0000-0x000bffff window] (subtractive decode)
[    0.294584] pci 0000:00:11.0:   bridge window [mem 0x000d0000-0x000d3fff window] (subtractive decode)
[    0.294587] pci 0000:00:11.0:   bridge window [mem 0x000d4000-0x000d7fff window] (subtractive decode)
[    0.294589] pci 0000:00:11.0:   bridge window [mem 0x000d8000-0x000dbfff window] (subtractive decode)
[    0.294591] pci 0000:00:11.0:   bridge window [mem 0x40000000-0xfebfffff window] (subtractive decode)
[    0.294593] pci 0000:00:11.0:   bridge window [io  0x0000-0x0cf7 window] (subtractive decode)
[    0.294596] pci 0000:00:11.0:   bridge window [io  0x0d00-0xfeff window] (subtractive decode)
[    0.295378] pci 0000:03:00.0: [15ad:07b0] type 00 class 0x020000
[    0.297341] pci 0000:03:00.0: reg 0x10: [mem 0xfd4fc000-0xfd4fcfff]
[    0.299877] pci 0000:03:00.0: reg 0x14: [mem 0xfd4fd000-0xfd4fdfff]
[    0.301330] pci 0000:03:00.0: reg 0x18: [mem 0xfd4fe000-0xfd4fffff]
[    0.304011] pci 0000:03:00.0: reg 0x1c: [io  0x4000-0x400f]
[    0.310501] pci 0000:03:00.0: reg 0x30: [mem 0x00000000-0x0000ffff pref]
[    0.311413] pci 0000:03:00.0: supports D1 D2
[    0.311416] pci 0000:03:00.0: PME# supported from D0 D1 D2 D3hot D3cold
[    0.311963] pci 0000:03:00.0: disabling ASPM on pre-1.1 PCIe device.  You can enable it with 'pcie_aspm=force'
[    0.312111] pci 0000:00:15.0: PCI bridge to [bus 03]
[    0.312247] pci 0000:00:15.0:   bridge window [io  0x4000-0x4fff]
[    0.312288] pci 0000:00:15.0:   bridge window [mem 0xfd400000-0xfd4fffff]
[    0.313010] pci 0000:00:15.1: PCI bridge to [bus 04]
[    0.313152] pci 0000:00:15.1:   bridge window [io  0x8000-0x8fff]
[    0.313192] pci 0000:00:15.1:   bridge window [mem 0xfd000000-0xfd0fffff]
[    0.313269] pci 0000:00:15.1:   bridge window [mem 0xe7700000-0xe77fffff 64bit pref]
[    0.313887] pci 0000:00:15.2: PCI bridge to [bus 05]
[    0.314023] pci 0000:00:15.2:   bridge window [io  0xc000-0xcfff]
[    0.314064] pci 0000:00:15.2:   bridge window [mem 0xfcc00000-0xfccfffff]
[    0.314141] pci 0000:00:15.2:   bridge window [mem 0xe7300000-0xe73fffff 64bit pref]
[    0.314754] pci 0000:00:15.3: PCI bridge to [bus 06]
[    0.314928] pci 0000:00:15.3:   bridge window [mem 0xfc800000-0xfc8fffff]
[    0.315005] pci 0000:00:15.3:   bridge window [mem 0xe6f00000-0xe6ffffff 64bit pref]
[    0.315614] pci 0000:00:15.4: PCI bridge to [bus 07]
[    0.315845] pci 0000:00:15.4:   bridge window [mem 0xfc400000-0xfc4fffff]
[    0.315950] pci 0000:00:15.4:   bridge window [mem 0xe6b00000-0xe6bfffff 64bit pref]
[    0.316570] pci 0000:00:15.5: PCI bridge to [bus 08]
[    0.316746] pci 0000:00:15.5:   bridge window [mem 0xfc000000-0xfc0fffff]
[    0.316823] pci 0000:00:15.5:   bridge window [mem 0xe6700000-0xe67fffff 64bit pref]
[    0.317468] pci 0000:00:15.6: PCI bridge to [bus 09]
[    0.317647] pci 0000:00:15.6:   bridge window [mem 0xfbc00000-0xfbcfffff]
[    0.317727] pci 0000:00:15.6:   bridge window [mem 0xe6300000-0xe63fffff 64bit pref]
[    0.318340] pci 0000:00:15.7: PCI bridge to [bus 0a]
[    0.318558] pci 0000:00:15.7:   bridge window [mem 0xfb800000-0xfb8fffff]
[    0.318637] pci 0000:00:15.7:   bridge window [mem 0xe5f00000-0xe5ffffff 64bit pref]
[    0.319249] pci 0000:00:16.0: PCI bridge to [bus 0b]
[    0.319386] pci 0000:00:16.0:   bridge window [io  0x5000-0x5fff]
[    0.319426] pci 0000:00:16.0:   bridge window [mem 0xfd300000-0xfd3fffff]
[    0.319503] pci 0000:00:16.0:   bridge window [mem 0xe7a00000-0xe7afffff 64bit pref]
[    0.320119] pci 0000:00:16.1: PCI bridge to [bus 0c]
[    0.320256] pci 0000:00:16.1:   bridge window [io  0x9000-0x9fff]
[    0.320296] pci 0000:00:16.1:   bridge window [mem 0xfcf00000-0xfcffffff]
[    0.320373] pci 0000:00:16.1:   bridge window [mem 0xe7600000-0xe76fffff 64bit pref]
[    0.320992] pci 0000:00:16.2: PCI bridge to [bus 0d]
[    0.321129] pci 0000:00:16.2:   bridge window [io  0xd000-0xdfff]
[    0.321169] pci 0000:00:16.2:   bridge window [mem 0xfcb00000-0xfcbfffff]
[    0.321246] pci 0000:00:16.2:   bridge window [mem 0xe7200000-0xe72fffff 64bit pref]
[    0.321859] pci 0000:00:16.3: PCI bridge to [bus 0e]
[    0.322033] pci 0000:00:16.3:   bridge window [mem 0xfc700000-0xfc7fffff]
[    0.322110] pci 0000:00:16.3:   bridge window [mem 0xe6e00000-0xe6efffff 64bit pref]
[    0.322725] pci 0000:00:16.4: PCI bridge to [bus 0f]
[    0.322899] pci 0000:00:16.4:   bridge window [mem 0xfc300000-0xfc3fffff]
[    0.322976] pci 0000:00:16.4:   bridge window [mem 0xe6a00000-0xe6afffff 64bit pref]
[    0.323593] pci 0000:00:16.5: PCI bridge to [bus 10]
[    0.323777] pci 0000:00:16.5:   bridge window [mem 0xfbf00000-0xfbffffff]
[    0.323855] pci 0000:00:16.5:   bridge window [mem 0xe6600000-0xe66fffff 64bit pref]
[    0.324463] pci 0000:00:16.6: PCI bridge to [bus 11]
[    0.324640] pci 0000:00:16.6:   bridge window [mem 0xfbb00000-0xfbbfffff]
[    0.324717] pci 0000:00:16.6:   bridge window [mem 0xe6200000-0xe62fffff 64bit pref]
[    0.325329] pci 0000:00:16.7: PCI bridge to [bus 12]
[    0.325502] pci 0000:00:16.7:   bridge window [mem 0xfb700000-0xfb7fffff]
[    0.325582] pci 0000:00:16.7:   bridge window [mem 0xe5e00000-0xe5efffff 64bit pref]
[    0.326191] pci 0000:00:17.0: PCI bridge to [bus 13]
[    0.326331] pci 0000:00:17.0:   bridge window [io  0x6000-0x6fff]
[    0.326371] pci 0000:00:17.0:   bridge window [mem 0xfd200000-0xfd2fffff]
[    0.326448] pci 0000:00:17.0:   bridge window [mem 0xe7900000-0xe79fffff 64bit pref]
[    0.327070] pci 0000:00:17.1: PCI bridge to [bus 14]
[    0.327210] pci 0000:00:17.1:   bridge window [io  0xa000-0xafff]
[    0.327251] pci 0000:00:17.1:   bridge window [mem 0xfce00000-0xfcefffff]
[    0.327487] pci 0000:00:17.1:   bridge window [mem 0xe7500000-0xe75fffff 64bit pref]
[    0.328116] pci 0000:00:17.2: PCI bridge to [bus 15]
[    0.328255] pci 0000:00:17.2:   bridge window [io  0xe000-0xefff]
[    0.328295] pci 0000:00:17.2:   bridge window [mem 0xfca00000-0xfcafffff]
[    0.328372] pci 0000:00:17.2:   bridge window [mem 0xe7100000-0xe71fffff 64bit pref]
[    0.328989] pci 0000:00:17.3: PCI bridge to [bus 16]
[    0.329164] pci 0000:00:17.3:   bridge window [mem 0xfc600000-0xfc6fffff]
[    0.329242] pci 0000:00:17.3:   bridge window [mem 0xe6d00000-0xe6dfffff 64bit pref]
[    0.329861] pci 0000:00:17.4: PCI bridge to [bus 17]
[    0.330035] pci 0000:00:17.4:   bridge window [mem 0xfc200000-0xfc2fffff]
[    0.330112] pci 0000:00:17.4:   bridge window [mem 0xe6900000-0xe69fffff 64bit pref]
[    0.330722] pci 0000:00:17.5: PCI bridge to [bus 18]
[    0.330897] pci 0000:00:17.5:   bridge window [mem 0xfbe00000-0xfbefffff]
[    0.330974] pci 0000:00:17.5:   bridge window [mem 0xe6500000-0xe65fffff 64bit pref]
[    0.331587] pci 0000:00:17.6: PCI bridge to [bus 19]
[    0.331761] pci 0000:00:17.6:   bridge window [mem 0xfba00000-0xfbafffff]
[    0.331839] pci 0000:00:17.6:   bridge window [mem 0xe6100000-0xe61fffff 64bit pref]
[    0.332446] pci 0000:00:17.7: PCI bridge to [bus 1a]
[    0.332624] pci 0000:00:17.7:   bridge window [mem 0xfb600000-0xfb6fffff]
[    0.332701] pci 0000:00:17.7:   bridge window [mem 0xe5d00000-0xe5dfffff 64bit pref]
[    0.333312] pci 0000:00:18.0: PCI bridge to [bus 1b]
[    0.333448] pci 0000:00:18.0:   bridge window [io  0x7000-0x7fff]
[    0.333488] pci 0000:00:18.0:   bridge window [mem 0xfd100000-0xfd1fffff]
[    0.333567] pci 0000:00:18.0:   bridge window [mem 0xe7800000-0xe78fffff 64bit pref]
[    0.334184] pci 0000:00:18.1: PCI bridge to [bus 1c]
[    0.334321] pci 0000:00:18.1:   bridge window [io  0xb000-0xbfff]
[    0.334362] pci 0000:00:18.1:   bridge window [mem 0xfcd00000-0xfcdfffff]
[    0.334439] pci 0000:00:18.1:   bridge window [mem 0xe7400000-0xe74fffff 64bit pref]
[    0.335054] pci 0000:00:18.2: PCI bridge to [bus 1d]
[    0.335229] pci 0000:00:18.2:   bridge window [mem 0xfc900000-0xfc9fffff]
[    0.335307] pci 0000:00:18.2:   bridge window [mem 0xe7000000-0xe70fffff 64bit pref]
[    0.335917] pci 0000:00:18.3: PCI bridge to [bus 1e]
[    0.336084] pci 0000:00:18.3:   bridge window [mem 0xfc500000-0xfc5fffff]
[    0.336162] pci 0000:00:18.3:   bridge window [mem 0xe6c00000-0xe6cfffff 64bit pref]
[    0.336776] pci 0000:00:18.4: PCI bridge to [bus 1f]
[    0.336950] pci 0000:00:18.4:   bridge window [mem 0xfc100000-0xfc1fffff]
[    0.337027] pci 0000:00:18.4:   bridge window [mem 0xe6800000-0xe68fffff 64bit pref]
[    0.337648] pci 0000:00:18.5: PCI bridge to [bus 20]
[    0.337821] pci 0000:00:18.5:   bridge window [mem 0xfbd00000-0xfbdfffff]
[    0.337899] pci 0000:00:18.5:   bridge window [mem 0xe6400000-0xe64fffff 64bit pref]
[    0.338512] pci 0000:00:18.6: PCI bridge to [bus 21]
[    0.338697] pci 0000:00:18.6:   bridge window [mem 0xfb900000-0xfb9fffff]
[    0.338774] pci 0000:00:18.6:   bridge window [mem 0xe6000000-0xe60fffff 64bit pref]
[    0.339384] pci 0000:00:18.7: PCI bridge to [bus 22]
[    0.339559] pci 0000:00:18.7:   bridge window [mem 0xfb500000-0xfb5fffff]
[    0.339636] pci 0000:00:18.7:   bridge window [mem 0xe5c00000-0xe5cfffff 64bit pref]
[    0.344031] ACPI: PCI Interrupt Link [LNKA] (IRQs 3 4 5 6 7 *9 10 11 14 15)
[    0.344325] ACPI: PCI Interrupt Link [LNKB] (IRQs 3 4 5 6 7 9 10 *11 14 15)
[    0.344604] ACPI: PCI Interrupt Link [LNKC] (IRQs 3 4 5 6 *7 9 10 11 14 15)
[    0.344880] ACPI: PCI Interrupt Link [LNKD] (IRQs 3 4 5 6 7 9 *10 11 14 15)
[    0.357335] pci 0000:00:0f.0: vgaarb: setting as boot VGA device
[    0.357335] pci 0000:00:0f.0: vgaarb: VGA device added: decodes=io+mem,owns=io+mem,locks=none
[    0.357335] pci 0000:00:0f.0: vgaarb: bridge control possible
[    0.357335] vgaarb: loaded
[    0.357335] SCSI subsystem initialized
[    0.357335] libata version 3.00 loaded.
[    0.357335] ACPI: bus type USB registered
[    0.357335] usbcore: registered new interface driver usbfs
[    0.357335] usbcore: registered new interface driver hub
[    0.357335] usbcore: registered new device driver usb
[    0.357335] pps_core: LinuxPPS API ver. 1 registered
[    0.357335] pps_core: Software ver. 5.3.6 - Copyright 2005-2007 Rodolfo Giometti <giometti@linux.it>
[    0.357335] PTP clock support registered
[    0.357335] EDAC MC: Ver: 3.0.0
[    0.362036] PCI: Using ACPI for IRQ routing
[    0.417337] PCI: pci_cache_line_size set to 64 bytes
[    0.419024] e820: reserve RAM buffer [mem 0x0009f400-0x0009ffff]
[    0.419027] e820: reserve RAM buffer [mem 0x3fef0000-0x3fffffff]
[    0.419212] NetLabel: Initializing
[    0.419297] NetLabel:  domain hash size = 128
[    0.419384] NetLabel:  protocols = UNLABELED CIPSOv4 CALIPSO
[    0.419514] NetLabel:  unlabeled traffic allowed by default
[    0.420920] hpet0: at MMIO 0xfed00000, IRQs 2, 8, 0, 0, 0, 0, 0, 0, 0, 0, 0, 0, 0, 0, 0, 0
[    0.421119] hpet0: 16 comparators, 64-bit 14.318180 MHz counter
[    0.424065] clocksource: Switched to clocksource tsc-early
[    0.445914] VFS: Disk quotas dquot_6.6.0
[    0.446058] VFS: Dquot-cache hash table entries: 512 (order 0, 4096 bytes)
[    0.446603] AppArmor: AppArmor Filesystem Enabled
[    0.446768] pnp: PnP ACPI init
[    0.447232] system 00:00: [io  0x1000-0x103f] has been reserved
[    0.447469] system 00:00: [io  0x1040-0x104f] has been reserved
[    0.447588] system 00:00: [io  0x0cf0-0x0cf1] has been reserved
[    0.447714] system 00:00: Plug and Play ACPI device, IDs PNP0c02 (active)
[    0.447771] pnp 00:01: Plug and Play ACPI device, IDs PNP0b00 (active)
[    0.447818] pnp 00:02: Plug and Play ACPI device, IDs PNP0303 (active)
[    0.447849] pnp 00:03: Plug and Play ACPI device, IDs PNP0f13 (active)
[    0.449815] system 00:04: [mem 0xfed00000-0xfed003ff] has been reserved
[    0.449959] system 00:04: Plug and Play ACPI device, IDs PNP0103 PNP0c01 (active)
[    0.453592] system 00:05: [io  0xfce0-0xfcff] has been reserved
[    0.453715] system 00:05: [mem 0xf0000000-0xf7ffffff] has been reserved
[    0.453860] system 00:05: [mem 0xfe800000-0xfe9fffff] has been reserved
[    0.453985] system 00:05: Plug and Play ACPI device, IDs PNP0c02 (active)
[    0.462739] pnp: PnP ACPI: found 6 devices
[    0.472462] clocksource: acpi_pm: mask: 0xffffff max_cycles: 0xffffff, max_idle_ns: 2085701024 ns
[    0.472995] pci 0000:00:15.0: bridge window [mem 0x00100000-0x000fffff 64bit pref] to [bus 03] add_size 200000 add_align 100000
[    0.473351] pci 0000:00:15.3: bridge window [io  0x1000-0x0fff] to [bus 06] add_size 1000
[    0.473468] pci 0000:00:15.4: bridge window [io  0x1000-0x0fff] to [bus 07] add_size 1000
[    0.473585] pci 0000:00:15.5: bridge window [io  0x1000-0x0fff] to [bus 08] add_size 1000
[    0.473702] pci 0000:00:15.6: bridge window [io  0x1000-0x0fff] to [bus 09] add_size 1000
[    0.473820] pci 0000:00:15.7: bridge window [io  0x1000-0x0fff] to [bus 0a] add_size 1000
[    0.474308] pci 0000:00:16.3: bridge window [io  0x1000-0x0fff] to [bus 0e] add_size 1000
[    0.474426] pci 0000:00:16.4: bridge window [io  0x1000-0x0fff] to [bus 0f] add_size 1000
[    0.474545] pci 0000:00:16.5: bridge window [io  0x1000-0x0fff] to [bus 10] add_size 1000
[    0.474662] pci 0000:00:16.6: bridge window [io  0x1000-0x0fff] to [bus 11] add_size 1000
[    0.474777] pci 0000:00:16.7: bridge window [io  0x1000-0x0fff] to [bus 12] add_size 1000
[    0.475254] pci 0000:00:17.3: bridge window [io  0x1000-0x0fff] to [bus 16] add_size 1000
[    0.475371] pci 0000:00:17.4: bridge window [io  0x1000-0x0fff] to [bus 17] add_size 1000
[    0.475489] pci 0000:00:17.5: bridge window [io  0x1000-0x0fff] to [bus 18] add_size 1000
[    0.475608] pci 0000:00:17.6: bridge window [io  0x1000-0x0fff] to [bus 19] add_size 1000
[    0.475724] pci 0000:00:17.7: bridge window [io  0x1000-0x0fff] to [bus 1a] add_size 1000
[    0.476092] pci 0000:00:18.2: bridge window [io  0x1000-0x0fff] to [bus 1d] add_size 1000
[    0.476233] pci 0000:00:18.3: bridge window [io  0x1000-0x0fff] to [bus 1e] add_size 1000
[    0.476350] pci 0000:00:18.4: bridge window [io  0x1000-0x0fff] to [bus 1f] add_size 1000
[    0.476465] pci 0000:00:18.5: bridge window [io  0x1000-0x0fff] to [bus 20] add_size 1000
[    0.476580] pci 0000:00:18.6: bridge window [io  0x1000-0x0fff] to [bus 21] add_size 1000
[    0.476698] pci 0000:00:18.7: bridge window [io  0x1000-0x0fff] to [bus 22] add_size 1000
[    0.476729] pci 0000:00:15.0: BAR 15: assigned [mem 0x40000000-0x401fffff 64bit pref]
[    0.476881] pci 0000:00:0f.0: BAR 6: assigned [mem 0x40200000-0x40207fff pref]
[    0.477017] pci 0000:00:10.0: BAR 6: assigned [mem 0x40208000-0x4020bfff pref]
[    0.477155] pci 0000:00:15.3: BAR 13: no space for [io  size 0x1000]
[    0.477271] pci 0000:00:15.3: BAR 13: failed to assign [io  size 0x1000]
[    0.477394] pci 0000:00:15.4: BAR 13: no space for [io  size 0x1000]
[    0.477511] pci 0000:00:15.4: BAR 13: failed to assign [io  size 0x1000]
[    0.477632] pci 0000:00:15.5: BAR 13: no space for [io  size 0x1000]
[    0.477747] pci 0000:00:15.5: BAR 13: failed to assign [io  size 0x1000]
[    0.477868] pci 0000:00:15.6: BAR 13: no space for [io  size 0x1000]
[    0.477983] pci 0000:00:15.6: BAR 13: failed to assign [io  size 0x1000]
[    0.478104] pci 0000:00:15.7: BAR 13: no space for [io  size 0x1000]
[    0.478219] pci 0000:00:15.7: BAR 13: failed to assign [io  size 0x1000]
[    0.478341] pci 0000:00:16.3: BAR 13: no space for [io  size 0x1000]
[    0.478456] pci 0000:00:16.3: BAR 13: failed to assign [io  size 0x1000]
[    0.478578] pci 0000:00:16.4: BAR 13: no space for [io  size 0x1000]
[    0.479099] pci 0000:00:16.4: BAR 13: failed to assign [io  size 0x1000]
[    0.479256] pci 0000:00:16.5: BAR 13: no space for [io  size 0x1000]
[    0.479372] pci 0000:00:16.5: BAR 13: failed to assign [io  size 0x1000]
[    0.479497] pci 0000:00:16.6: BAR 13: no space for [io  size 0x1000]
[    0.479612] pci 0000:00:16.6: BAR 13: failed to assign [io  size 0x1000]
[    0.479735] pci 0000:00:16.7: BAR 13: no space for [io  size 0x1000]
[    0.479851] pci 0000:00:16.7: BAR 13: failed to assign [io  size 0x1000]
[    0.479974] pci 0000:00:17.3: BAR 13: no space for [io  size 0x1000]
[    0.480109] pci 0000:00:17.3: BAR 13: failed to assign [io  size 0x1000]
[    0.480233] pci 0000:00:17.4: BAR 13: no space for [io  size 0x1000]
[    0.480348] pci 0000:00:17.4: BAR 13: failed to assign [io  size 0x1000]
[    0.480471] pci 0000:00:17.5: BAR 13: no space for [io  size 0x1000]
[    0.480586] pci 0000:00:17.5: BAR 13: failed to assign [io  size 0x1000]
[    0.480707] pci 0000:00:17.6: BAR 13: no space for [io  size 0x1000]
[    0.480822] pci 0000:00:17.6: BAR 13: failed to assign [io  size 0x1000]
[    0.480945] pci 0000:00:17.7: BAR 13: no space for [io  size 0x1000]
[    0.481059] pci 0000:00:17.7: BAR 13: failed to assign [io  size 0x1000]
[    0.481180] pci 0000:00:18.2: BAR 13: no space for [io  size 0x1000]
[    0.481295] pci 0000:00:18.2: BAR 13: failed to assign [io  size 0x1000]
[    0.481418] pci 0000:00:18.3: BAR 13: no space for [io  size 0x1000]
[    0.481533] pci 0000:00:18.3: BAR 13: failed to assign [io  size 0x1000]
[    0.481654] pci 0000:00:18.4: BAR 13: no space for [io  size 0x1000]
[    0.481769] pci 0000:00:18.4: BAR 13: failed to assign [io  size 0x1000]
[    0.481902] pci 0000:00:18.5: BAR 13: no space for [io  size 0x1000]
[    0.482018] pci 0000:00:18.5: BAR 13: failed to assign [io  size 0x1000]
[    0.482141] pci 0000:00:18.6: BAR 13: no space for [io  size 0x1000]
[    0.482257] pci 0000:00:18.6: BAR 13: failed to assign [io  size 0x1000]
[    0.482379] pci 0000:00:18.7: BAR 13: no space for [io  size 0x1000]
[    0.482495] pci 0000:00:18.7: BAR 13: failed to assign [io  size 0x1000]
[    0.482624] pci 0000:00:18.7: BAR 13: no space for [io  size 0x1000]
[    0.482737] pci 0000:00:18.7: BAR 13: failed to assign [io  size 0x1000]
[    0.482858] pci 0000:00:18.6: BAR 13: no space for [io  size 0x1000]
[    0.482972] pci 0000:00:18.6: BAR 13: failed to assign [io  size 0x1000]
[    0.483092] pci 0000:00:18.5: BAR 13: no space for [io  size 0x1000]
[    0.483206] pci 0000:00:18.5: BAR 13: failed to assign [io  size 0x1000]
[    0.483326] pci 0000:00:18.4: BAR 13: no space for [io  size 0x1000]
[    0.483440] pci 0000:00:18.4: BAR 13: failed to assign [io  size 0x1000]
[    0.483562] pci 0000:00:18.3: BAR 13: no space for [io  size 0x1000]
[    0.483676] pci 0000:00:18.3: BAR 13: failed to assign [io  size 0x1000]
[    0.483807] pci 0000:00:18.2: BAR 13: no space for [io  size 0x1000]
[    0.483924] pci 0000:00:18.2: BAR 13: failed to assign [io  size 0x1000]
[    0.484062] pci 0000:00:17.7: BAR 13: no space for [io  size 0x1000]
[    0.484210] pci 0000:00:17.7: BAR 13: failed to assign [io  size 0x1000]
[    0.484335] pci 0000:00:17.6: BAR 13: no space for [io  size 0x1000]
[    0.484454] pci 0000:00:17.6: BAR 13: failed to assign [io  size 0x1000]
[    0.484578] pci 0000:00:17.5: BAR 13: no space for [io  size 0x1000]
[    0.484696] pci 0000:00:17.5: BAR 13: failed to assign [io  size 0x1000]
[    0.484820] pci 0000:00:17.4: BAR 13: no space for [io  size 0x1000]
[    0.484934] pci 0000:00:17.4: BAR 13: failed to assign [io  size 0x1000]
[    0.485057] pci 0000:00:17.3: BAR 13: no space for [io  size 0x1000]
[    0.485171] pci 0000:00:17.3: BAR 13: failed to assign [io  size 0x1000]
[    0.485294] pci 0000:00:16.7: BAR 13: no space for [io  size 0x1000]
[    0.485409] pci 0000:00:16.7: BAR 13: failed to assign [io  size 0x1000]
[    0.485532] pci 0000:00:16.6: BAR 13: no space for [io  size 0x1000]
[    0.485647] pci 0000:00:16.6: BAR 13: failed to assign [io  size 0x1000]
[    0.485767] pci 0000:00:16.5: BAR 13: no space for [io  size 0x1000]
[    0.485881] pci 0000:00:16.5: BAR 13: failed to assign [io  size 0x1000]
[    0.486012] pci 0000:00:16.4: BAR 13: no space for [io  size 0x1000]
[    0.486125] pci 0000:00:16.4: BAR 13: failed to assign [io  size 0x1000]
[    0.486279] pci 0000:00:16.3: BAR 13: no space for [io  size 0x1000]
[    0.486393] pci 0000:00:16.3: BAR 13: failed to assign [io  size 0x1000]
[    0.486513] pci 0000:00:15.7: BAR 13: no space for [io  size 0x1000]
[    0.486627] pci 0000:00:15.7: BAR 13: failed to assign [io  size 0x1000]
[    0.486748] pci 0000:00:15.6: BAR 13: no space for [io  size 0x1000]
[    0.486862] pci 0000:00:15.6: BAR 13: failed to assign [io  size 0x1000]
[    0.486983] pci 0000:00:15.5: BAR 13: no space for [io  size 0x1000]
[    0.487097] pci 0000:00:15.5: BAR 13: failed to assign [io  size 0x1000]
[    0.487217] pci 0000:00:15.4: BAR 13: no space for [io  size 0x1000]
[    0.487331] pci 0000:00:15.4: BAR 13: failed to assign [io  size 0x1000]
[    0.487452] pci 0000:00:15.3: BAR 13: no space for [io  size 0x1000]
[    0.487566] pci 0000:00:15.3: BAR 13: failed to assign [io  size 0x1000]
[    0.487687] pci 0000:00:01.0: PCI bridge to [bus 01]
[    0.487992] pci 0000:02:01.0: BAR 6: assigned [mem 0xfd500000-0xfd50ffff pref]
[    0.488192] pci 0000:00:11.0: PCI bridge to [bus 02]
[    0.488362] pci 0000:00:11.0:   bridge window [io  0x2000-0x3fff]
[    0.488625] pci 0000:00:11.0:   bridge window [mem 0xfd500000-0xfdffffff]
[    0.488839] pci 0000:00:11.0:   bridge window [mem 0xe7b00000-0xe7ffffff 64bit pref]
[    0.489066] pci 0000:03:00.0: BAR 6: assigned [mem 0xfd400000-0xfd40ffff pref]
[    0.489217] pci 0000:00:15.0: PCI bridge to [bus 03]
[    0.489338] pci 0000:00:15.0:   bridge window [io  0x4000-0x4fff]
[    0.489513] pci 0000:00:15.0:   bridge window [mem 0xfd400000-0xfd4fffff]
[    0.489672] pci 0000:00:15.0:   bridge window [mem 0x40000000-0x401fffff 64bit pref]
[    0.489936] pci 0000:00:15.1: PCI bridge to [bus 04]
[    0.490055] pci 0000:00:15.1:   bridge window [io  0x8000-0x8fff]
[    0.490250] pci 0000:00:15.1:   bridge window [mem 0xfd000000-0xfd0fffff]
[    0.490411] pci 0000:00:15.1:   bridge window [mem 0xe7700000-0xe77fffff 64bit pref]
[    0.490648] pci 0000:00:15.2: PCI bridge to [bus 05]
[    0.490766] pci 0000:00:15.2:   bridge window [io  0xc000-0xcfff]
[    0.490934] pci 0000:00:15.2:   bridge window [mem 0xfcc00000-0xfccfffff]
[    0.491094] pci 0000:00:15.2:   bridge window [mem 0xe7300000-0xe73fffff 64bit pref]
[    0.491330] pci 0000:00:15.3: PCI bridge to [bus 06]
[    0.491485] pci 0000:00:15.3:   bridge window [mem 0xfc800000-0xfc8fffff]
[    0.491645] pci 0000:00:15.3:   bridge window [mem 0xe6f00000-0xe6ffffff 64bit pref]
[    0.491878] pci 0000:00:15.4: PCI bridge to [bus 07]
[    0.492051] pci 0000:00:15.4:   bridge window [mem 0xfc400000-0xfc4fffff]
[    0.492213] pci 0000:00:15.4:   bridge window [mem 0xe6b00000-0xe6bfffff 64bit pref]
[    0.492451] pci 0000:00:15.5: PCI bridge to [bus 08]
[    0.492606] pci 0000:00:15.5:   bridge window [mem 0xfc000000-0xfc0fffff]
[    0.492765] pci 0000:00:15.5:   bridge window [mem 0xe6700000-0xe67fffff 64bit pref]
[    0.492998] pci 0000:00:15.6: PCI bridge to [bus 09]
[    0.493155] pci 0000:00:15.6:   bridge window [mem 0xfbc00000-0xfbcfffff]
[    0.493314] pci 0000:00:15.6:   bridge window [mem 0xe6300000-0xe63fffff 64bit pref]
[    0.493547] pci 0000:00:15.7: PCI bridge to [bus 0a]
[    0.493703] pci 0000:00:15.7:   bridge window [mem 0xfb800000-0xfb8fffff]
[    0.493863] pci 0000:00:15.7:   bridge window [mem 0xe5f00000-0xe5ffffff 64bit pref]
[    0.494097] pci 0000:00:16.0: PCI bridge to [bus 0b]
[    0.494237] pci 0000:00:16.0:   bridge window [io  0x5000-0x5fff]
[    0.494408] pci 0000:00:16.0:   bridge window [mem 0xfd300000-0xfd3fffff]
[    0.494567] pci 0000:00:16.0:   bridge window [mem 0xe7a00000-0xe7afffff 64bit pref]
[    0.494802] pci 0000:00:16.1: PCI bridge to [bus 0c]
[    0.494920] pci 0000:00:16.1:   bridge window [io  0x9000-0x9fff]
[    0.495089] pci 0000:00:16.1:   bridge window [mem 0xfcf00000-0xfcffffff]
[    0.495249] pci 0000:00:16.1:   bridge window [mem 0xe7600000-0xe76fffff 64bit pref]
[    0.495482] pci 0000:00:16.2: PCI bridge to [bus 0d]
[    0.495601] pci 0000:00:16.2:   bridge window [io  0xd000-0xdfff]
[    0.495769] pci 0000:00:16.2:   bridge window [mem 0xfcb00000-0xfcbfffff]
[    0.495929] pci 0000:00:16.2:   bridge window [mem 0xe7200000-0xe72fffff 64bit pref]
[    0.496187] pci 0000:00:16.3: PCI bridge to [bus 0e]
[    0.496344] pci 0000:00:16.3:   bridge window [mem 0xfc700000-0xfc7fffff]
[    0.496503] pci 0000:00:16.3:   bridge window [mem 0xe6e00000-0xe6efffff 64bit pref]
[    0.496738] pci 0000:00:16.4: PCI bridge to [bus 0f]
[    0.496901] pci 0000:00:16.4:   bridge window [mem 0xfc300000-0xfc3fffff]
[    0.497061] pci 0000:00:16.4:   bridge window [mem 0xe6a00000-0xe6afffff 64bit pref]
[    0.497317] pci 0000:00:16.5: PCI bridge to [bus 10]
[    0.497480] pci 0000:00:16.5:   bridge window [mem 0xfbf00000-0xfbffffff]
[    0.497653] pci 0000:00:16.5:   bridge window [mem 0xe6600000-0xe66fffff 64bit pref]
[    0.497897] pci 0000:00:16.6: PCI bridge to [bus 11]
[    0.498070] pci 0000:00:16.6:   bridge window [mem 0xfbb00000-0xfbbfffff]
[    0.498282] pci 0000:00:16.6:   bridge window [mem 0xe6200000-0xe62fffff 64bit pref]
[    0.498535] pci 0000:00:16.7: PCI bridge to [bus 12]
[    0.498701] pci 0000:00:16.7:   bridge window [mem 0xfb700000-0xfb7fffff]
[    0.498891] pci 0000:00:16.7:   bridge window [mem 0xe5e00000-0xe5efffff 64bit pref]
[    0.499139] pci 0000:00:17.0: PCI bridge to [bus 13]
[    0.499265] pci 0000:00:17.0:   bridge window [io  0x6000-0x6fff]
[    0.499441] pci 0000:00:17.0:   bridge window [mem 0xfd200000-0xfd2fffff]
[    0.499609] pci 0000:00:17.0:   bridge window [mem 0xe7900000-0xe79fffff 64bit pref]
[    0.499847] pci 0000:00:17.1: PCI bridge to [bus 14]
[    0.499978] pci 0000:00:17.1:   bridge window [io  0xa000-0xafff]
[    0.500181] pci 0000:00:17.1:   bridge window [mem 0xfce00000-0xfcefffff]
[    0.500348] pci 0000:00:17.1:   bridge window [mem 0xe7500000-0xe75fffff 64bit pref]
[    0.500597] pci 0000:00:17.2: PCI bridge to [bus 15]
[    0.500722] pci 0000:00:17.2:   bridge window [io  0xe000-0xefff]
[    0.500910] pci 0000:00:17.2:   bridge window [mem 0xfca00000-0xfcafffff]
[    0.501088] pci 0000:00:17.2:   bridge window [mem 0xe7100000-0xe71fffff 64bit pref]
[    0.501336] pci 0000:00:17.3: PCI bridge to [bus 16]
[    0.501505] pci 0000:00:17.3:   bridge window [mem 0xfc600000-0xfc6fffff]
[    0.501664] pci 0000:00:17.3:   bridge window [mem 0xe6d00000-0xe6dfffff 64bit pref]
[    0.501919] pci 0000:00:17.4: PCI bridge to [bus 17]
[    0.502074] pci 0000:00:17.4:   bridge window [mem 0xfc200000-0xfc2fffff]
[    0.502255] pci 0000:00:17.4:   bridge window [mem 0xe6900000-0xe69fffff 64bit pref]
[    0.502499] pci 0000:00:17.5: PCI bridge to [bus 18]
[    0.502655] pci 0000:00:17.5:   bridge window [mem 0xfbe00000-0xfbefffff]
[    0.502814] pci 0000:00:17.5:   bridge window [mem 0xe6500000-0xe65fffff 64bit pref]
[    0.503047] pci 0000:00:17.6: PCI bridge to [bus 19]
[    0.503204] pci 0000:00:17.6:   bridge window [mem 0xfba00000-0xfbafffff]
[    0.503773] pci 0000:00:17.6:   bridge window [mem 0xe6100000-0xe61fffff 64bit pref]
[    0.504023] pci 0000:00:17.7: PCI bridge to [bus 1a]
[    0.504182] pci 0000:00:17.7:   bridge window [mem 0xfb600000-0xfb6fffff]
[    0.504342] pci 0000:00:17.7:   bridge window [mem 0xe5d00000-0xe5dfffff 64bit pref]
[    0.504577] pci 0000:00:18.0: PCI bridge to [bus 1b]
[    0.504696] pci 0000:00:18.0:   bridge window [io  0x7000-0x7fff]
[    0.504864] pci 0000:00:18.0:   bridge window [mem 0xfd100000-0xfd1fffff]
[    0.505023] pci 0000:00:18.0:   bridge window [mem 0xe7800000-0xe78fffff 64bit pref]
[    0.505258] pci 0000:00:18.1: PCI bridge to [bus 1c]
[    0.505377] pci 0000:00:18.1:   bridge window [io  0xb000-0xbfff]
[    0.505546] pci 0000:00:18.1:   bridge window [mem 0xfcd00000-0xfcdfffff]
[    0.505705] pci 0000:00:18.1:   bridge window [mem 0xe7400000-0xe74fffff 64bit pref]
[    0.505938] pci 0000:00:18.2: PCI bridge to [bus 1d]
[    0.506094] pci 0000:00:18.2:   bridge window [mem 0xfc900000-0xfc9fffff]
[    0.506285] pci 0000:00:18.2:   bridge window [mem 0xe7000000-0xe70fffff 64bit pref]
[    0.506521] pci 0000:00:18.3: PCI bridge to [bus 1e]
[    0.506677] pci 0000:00:18.3:   bridge window [mem 0xfc500000-0xfc5fffff]
[    0.506836] pci 0000:00:18.3:   bridge window [mem 0xe6c00000-0xe6cfffff 64bit pref]
[    0.507069] pci 0000:00:18.4: PCI bridge to [bus 1f]
[    0.507359] pci 0000:00:18.4:   bridge window [mem 0xfc100000-0xfc1fffff]
[    0.507545] pci 0000:00:18.4:   bridge window [mem 0xe6800000-0xe68fffff 64bit pref]
[    0.507826] pci 0000:00:18.5: PCI bridge to [bus 20]
[    0.508029] pci 0000:00:18.5:   bridge window [mem 0xfbd00000-0xfbdfffff]
[    0.508222] pci 0000:00:18.5:   bridge window [mem 0xe6400000-0xe64fffff 64bit pref]
[    0.508500] pci 0000:00:18.6: PCI bridge to [bus 21]
[    0.508684] pci 0000:00:18.6:   bridge window [mem 0xfb900000-0xfb9fffff]
[    0.508872] pci 0000:00:18.6:   bridge window [mem 0xe6000000-0xe60fffff 64bit pref]
[    0.509150] pci 0000:00:18.7: PCI bridge to [bus 22]
[    0.509333] pci 0000:00:18.7:   bridge window [mem 0xfb500000-0xfb5fffff]
[    0.509520] pci 0000:00:18.7:   bridge window [mem 0xe5c00000-0xe5cfffff 64bit pref]
[    0.509797] pci_bus 0000:00: resource 4 [mem 0x000a0000-0x000bffff window]
[    0.509800] pci_bus 0000:00: resource 5 [mem 0x000d0000-0x000d3fff window]
[    0.509803] pci_bus 0000:00: resource 6 [mem 0x000d4000-0x000d7fff window]
[    0.509805] pci_bus 0000:00: resource 7 [mem 0x000d8000-0x000dbfff window]
[    0.509808] pci_bus 0000:00: resource 8 [mem 0x40000000-0xfebfffff window]
[    0.509811] pci_bus 0000:00: resource 9 [io  0x0000-0x0cf7 window]
[    0.509814] pci_bus 0000:00: resource 10 [io  0x0d00-0xfeff window]
[    0.509818] pci_bus 0000:02: resource 0 [io  0x2000-0x3fff]
[    0.509821] pci_bus 0000:02: resource 1 [mem 0xfd500000-0xfdffffff]
[    0.509823] pci_bus 0000:02: resource 2 [mem 0xe7b00000-0xe7ffffff 64bit pref]
[    0.509826] pci_bus 0000:02: resource 4 [mem 0x000a0000-0x000bffff window]
[    0.509829] pci_bus 0000:02: resource 5 [mem 0x000d0000-0x000d3fff window]
[    0.509831] pci_bus 0000:02: resource 6 [mem 0x000d4000-0x000d7fff window]
[    0.509834] pci_bus 0000:02: resource 7 [mem 0x000d8000-0x000dbfff window]
[    0.509837] pci_bus 0000:02: resource 8 [mem 0x40000000-0xfebfffff window]
[    0.509839] pci_bus 0000:02: resource 9 [io  0x0000-0x0cf7 window]
[    0.509842] pci_bus 0000:02: resource 10 [io  0x0d00-0xfeff window]
[    0.509845] pci_bus 0000:03: resource 0 [io  0x4000-0x4fff]
[    0.509848] pci_bus 0000:03: resource 1 [mem 0xfd400000-0xfd4fffff]
[    0.509850] pci_bus 0000:03: resource 2 [mem 0x40000000-0x401fffff 64bit pref]
[    0.509853] pci_bus 0000:04: resource 0 [io  0x8000-0x8fff]
[    0.509856] pci_bus 0000:04: resource 1 [mem 0xfd000000-0xfd0fffff]
[    0.509858] pci_bus 0000:04: resource 2 [mem 0xe7700000-0xe77fffff 64bit pref]
[    0.509861] pci_bus 0000:05: resource 0 [io  0xc000-0xcfff]
[    0.509864] pci_bus 0000:05: resource 1 [mem 0xfcc00000-0xfccfffff]
[    0.509866] pci_bus 0000:05: resource 2 [mem 0xe7300000-0xe73fffff 64bit pref]
[    0.509869] pci_bus 0000:06: resource 1 [mem 0xfc800000-0xfc8fffff]
[    0.509872] pci_bus 0000:06: resource 2 [mem 0xe6f00000-0xe6ffffff 64bit pref]
[    0.509875] pci_bus 0000:07: resource 1 [mem 0xfc400000-0xfc4fffff]
[    0.509877] pci_bus 0000:07: resource 2 [mem 0xe6b00000-0xe6bfffff 64bit pref]
[    0.509880] pci_bus 0000:08: resource 1 [mem 0xfc000000-0xfc0fffff]
[    0.509883] pci_bus 0000:08: resource 2 [mem 0xe6700000-0xe67fffff 64bit pref]
[    0.509886] pci_bus 0000:09: resource 1 [mem 0xfbc00000-0xfbcfffff]
[    0.509889] pci_bus 0000:09: resource 2 [mem 0xe6300000-0xe63fffff 64bit pref]
[    0.509892] pci_bus 0000:0a: resource 1 [mem 0xfb800000-0xfb8fffff]
[    0.509895] pci_bus 0000:0a: resource 2 [mem 0xe5f00000-0xe5ffffff 64bit pref]
[    0.509897] pci_bus 0000:0b: resource 0 [io  0x5000-0x5fff]
[    0.509900] pci_bus 0000:0b: resource 1 [mem 0xfd300000-0xfd3fffff]
[    0.509903] pci_bus 0000:0b: resource 2 [mem 0xe7a00000-0xe7afffff 64bit pref]
[    0.509905] pci_bus 0000:0c: resource 0 [io  0x9000-0x9fff]
[    0.509908] pci_bus 0000:0c: resource 1 [mem 0xfcf00000-0xfcffffff]
[    0.509910] pci_bus 0000:0c: resource 2 [mem 0xe7600000-0xe76fffff 64bit pref]
[    0.509913] pci_bus 0000:0d: resource 0 [io  0xd000-0xdfff]
[    0.509916] pci_bus 0000:0d: resource 1 [mem 0xfcb00000-0xfcbfffff]
[    0.509918] pci_bus 0000:0d: resource 2 [mem 0xe7200000-0xe72fffff 64bit pref]
[    0.509921] pci_bus 0000:0e: resource 1 [mem 0xfc700000-0xfc7fffff]
[    0.509924] pci_bus 0000:0e: resource 2 [mem 0xe6e00000-0xe6efffff 64bit pref]
[    0.509926] pci_bus 0000:0f: resource 1 [mem 0xfc300000-0xfc3fffff]
[    0.509929] pci_bus 0000:0f: resource 2 [mem 0xe6a00000-0xe6afffff 64bit pref]
[    0.509932] pci_bus 0000:10: resource 1 [mem 0xfbf00000-0xfbffffff]
[    0.509934] pci_bus 0000:10: resource 2 [mem 0xe6600000-0xe66fffff 64bit pref]
[    0.509937] pci_bus 0000:11: resource 1 [mem 0xfbb00000-0xfbbfffff]
[    0.509940] pci_bus 0000:11: resource 2 [mem 0xe6200000-0xe62fffff 64bit pref]
[    0.509942] pci_bus 0000:12: resource 1 [mem 0xfb700000-0xfb7fffff]
[    0.509945] pci_bus 0000:12: resource 2 [mem 0xe5e00000-0xe5efffff 64bit pref]
[    0.509948] pci_bus 0000:13: resource 0 [io  0x6000-0x6fff]
[    0.509950] pci_bus 0000:13: resource 1 [mem 0xfd200000-0xfd2fffff]
[    0.509953] pci_bus 0000:13: resource 2 [mem 0xe7900000-0xe79fffff 64bit pref]
[    0.509955] pci_bus 0000:14: resource 0 [io  0xa000-0xafff]
[    0.509958] pci_bus 0000:14: resource 1 [mem 0xfce00000-0xfcefffff]
[    0.509960] pci_bus 0000:14: resource 2 [mem 0xe7500000-0xe75fffff 64bit pref]
[    0.509963] pci_bus 0000:15: resource 0 [io  0xe000-0xefff]
[    0.509965] pci_bus 0000:15: resource 1 [mem 0xfca00000-0xfcafffff]
[    0.509968] pci_bus 0000:15: resource 2 [mem 0xe7100000-0xe71fffff 64bit pref]
[    0.509971] pci_bus 0000:16: resource 1 [mem 0xfc600000-0xfc6fffff]
[    0.509974] pci_bus 0000:16: resource 2 [mem 0xe6d00000-0xe6dfffff 64bit pref]
[    0.509977] pci_bus 0000:17: resource 1 [mem 0xfc200000-0xfc2fffff]
[    0.509980] pci_bus 0000:17: resource 2 [mem 0xe6900000-0xe69fffff 64bit pref]
[    0.509983] pci_bus 0000:18: resource 1 [mem 0xfbe00000-0xfbefffff]
[    0.509985] pci_bus 0000:18: resource 2 [mem 0xe6500000-0xe65fffff 64bit pref]
[    0.509988] pci_bus 0000:19: resource 1 [mem 0xfba00000-0xfbafffff]
[    0.509991] pci_bus 0000:19: resource 2 [mem 0xe6100000-0xe61fffff 64bit pref]
[    0.509993] pci_bus 0000:1a: resource 1 [mem 0xfb600000-0xfb6fffff]
[    0.509996] pci_bus 0000:1a: resource 2 [mem 0xe5d00000-0xe5dfffff 64bit pref]
[    0.509999] pci_bus 0000:1b: resource 0 [io  0x7000-0x7fff]
[    0.510001] pci_bus 0000:1b: resource 1 [mem 0xfd100000-0xfd1fffff]
[    0.510004] pci_bus 0000:1b: resource 2 [mem 0xe7800000-0xe78fffff 64bit pref]
[    0.510006] pci_bus 0000:1c: resource 0 [io  0xb000-0xbfff]
[    0.510009] pci_bus 0000:1c: resource 1 [mem 0xfcd00000-0xfcdfffff]
[    0.510011] pci_bus 0000:1c: resource 2 [mem 0xe7400000-0xe74fffff 64bit pref]
[    0.510014] pci_bus 0000:1d: resource 1 [mem 0xfc900000-0xfc9fffff]
[    0.510017] pci_bus 0000:1d: resource 2 [mem 0xe7000000-0xe70fffff 64bit pref]
[    0.510020] pci_bus 0000:1e: resource 1 [mem 0xfc500000-0xfc5fffff]
[    0.510022] pci_bus 0000:1e: resource 2 [mem 0xe6c00000-0xe6cfffff 64bit pref]
[    0.510025] pci_bus 0000:1f: resource 1 [mem 0xfc100000-0xfc1fffff]
[    0.510027] pci_bus 0000:1f: resource 2 [mem 0xe6800000-0xe68fffff 64bit pref]
[    0.510030] pci_bus 0000:20: resource 1 [mem 0xfbd00000-0xfbdfffff]
[    0.510033] pci_bus 0000:20: resource 2 [mem 0xe6400000-0xe64fffff 64bit pref]
[    0.510036] pci_bus 0000:21: resource 1 [mem 0xfb900000-0xfb9fffff]
[    0.510038] pci_bus 0000:21: resource 2 [mem 0xe6000000-0xe60fffff 64bit pref]
[    0.510041] pci_bus 0000:22: resource 1 [mem 0xfb500000-0xfb5fffff]
[    0.510044] pci_bus 0000:22: resource 2 [mem 0xe5c00000-0xe5cfffff 64bit pref]
[    0.510511] NET: Registered protocol family 2
[    0.510859] tcp_listen_portaddr_hash hash table entries: 512 (order: 1, 8192 bytes)
[    0.511045] TCP established hash table entries: 8192 (order: 4, 65536 bytes)
[    0.511223] TCP bind hash table entries: 8192 (order: 5, 131072 bytes)
[    0.511387] TCP: Hash tables configured (established 8192 bind 8192)
[    0.511578] UDP hash table entries: 512 (order: 2, 16384 bytes)
[    0.511718] UDP-Lite hash table entries: 512 (order: 2, 16384 bytes)
[    0.511913] NET: Registered protocol family 1
[    0.512066] pci 0000:00:00.0: Limiting direct PCI/PCI transfers
[    0.512424] pci 0000:00:0f.0: Video device with shadowed ROM at [mem 0x000c0000-0x000dffff]
[    0.513718] PCI: CLS 32 bytes, default 64
[    0.513829] Unpacking initramfs...
[    1.964586] Freeing initrd memory: 49136K
[    1.964848] RAPL PMU: API unit is 2^-32 Joules, 3 fixed counters, 10737418240 ms ovfl timer
[    1.964968] RAPL PMU: hw unit of domain pp0-core 2^-0 Joules
[    1.965050] RAPL PMU: hw unit of domain package 2^-0 Joules
[    1.965130] RAPL PMU: hw unit of domain dram 2^-0 Joules
[    1.965376] Scanning for low memory corruption every 60 seconds
[    1.966476] Initialise system trusted keyrings
[    1.966560] Key type blacklist registered
[    1.966797] workingset: timestamp_bits=40 max_order=18 bucket_order=0
[    1.968485] zbud: loaded
[    1.969135] squashfs: version 4.0 (2009/01/31) Phillip Lougher
[    1.969622] fuse init (API version 7.27)
[    1.969806] pstore: using deflate compression
[    1.973016] Key type asymmetric registered
[    1.973088] Asymmetric key parser 'x509' registered
[    1.973201] Block layer SCSI generic (bsg) driver version 0.4 loaded (major 245)
[    1.973389] io scheduler noop registered
[    1.973457] io scheduler deadline registered (default)
[    1.973585] io scheduler cfq registered
[    1.973650] io scheduler mq-deadline registered (default)
[    1.973729] io scheduler kyber registered
[    2.002362] pcieport 0000:00:15.0: Signaling PME with IRQ 24
[    2.002740] pcieport 0000:00:15.1: Signaling PME with IRQ 25
[    2.003105] pcieport 0000:00:15.2: Signaling PME with IRQ 26
[    2.003460] pcieport 0000:00:15.3: Signaling PME with IRQ 27
[    2.003813] pcieport 0000:00:15.4: Signaling PME with IRQ 28
[    2.004182] pcieport 0000:00:15.5: Signaling PME with IRQ 29
[    2.004539] pcieport 0000:00:15.6: Signaling PME with IRQ 30
[    2.004891] pcieport 0000:00:15.7: Signaling PME with IRQ 31
[    2.005245] pcieport 0000:00:16.0: Signaling PME with IRQ 32
[    2.005597] pcieport 0000:00:16.1: Signaling PME with IRQ 33
[    2.005949] pcieport 0000:00:16.2: Signaling PME with IRQ 34
[    2.006314] pcieport 0000:00:16.3: Signaling PME with IRQ 35
[    2.006670] pcieport 0000:00:16.4: Signaling PME with IRQ 36
[    2.007024] pcieport 0000:00:16.5: Signaling PME with IRQ 37
[    2.007506] pcieport 0000:00:16.6: Signaling PME with IRQ 38
[    2.007858] pcieport 0000:00:16.7: Signaling PME with IRQ 39
[    2.008230] pcieport 0000:00:17.0: Signaling PME with IRQ 40
[    2.008585] pcieport 0000:00:17.1: Signaling PME with IRQ 41
[    2.008938] pcieport 0000:00:17.2: Signaling PME with IRQ 42
[    2.009293] pcieport 0000:00:17.3: Signaling PME with IRQ 43
[    2.009654] pcieport 0000:00:17.4: Signaling PME with IRQ 44
[    2.010004] pcieport 0000:00:17.5: Signaling PME with IRQ 45
[    2.010367] pcieport 0000:00:17.6: Signaling PME with IRQ 46
[    2.010721] pcieport 0000:00:17.7: Signaling PME with IRQ 47
[    2.011078] pcieport 0000:00:18.0: Signaling PME with IRQ 48
[    2.011434] pcieport 0000:00:18.1: Signaling PME with IRQ 49
[    2.011787] pcieport 0000:00:18.2: Signaling PME with IRQ 50
[    2.012156] pcieport 0000:00:18.3: Signaling PME with IRQ 51
[    2.012516] pcieport 0000:00:18.4: Signaling PME with IRQ 52
[    2.012869] pcieport 0000:00:18.5: Signaling PME with IRQ 53
[    2.013225] pcieport 0000:00:18.6: Signaling PME with IRQ 54
[    2.013578] pcieport 0000:00:18.7: Signaling PME with IRQ 55
[    2.013755] pciehp 0000:00:15.0:pcie004: Slot #160 AttnBtn+ PwrCtrl+ MRL- AttnInd- PwrInd- HotPlug+ Surprise- Interlock- NoCompl+ LLActRep+
[    2.014069] pciehp 0000:00:15.1:pcie004: Slot #161 AttnBtn+ PwrCtrl+ MRL- AttnInd- PwrInd- HotPlug+ Surprise- Interlock- NoCompl+ LLActRep+
[    2.014369] pciehp 0000:00:15.2:pcie004: Slot #162 AttnBtn+ PwrCtrl+ MRL- AttnInd- PwrInd- HotPlug+ Surprise- Interlock- NoCompl+ LLActRep+
[    2.014668] pciehp 0000:00:15.3:pcie004: Slot #163 AttnBtn+ PwrCtrl+ MRL- AttnInd- PwrInd- HotPlug+ Surprise- Interlock- NoCompl+ LLActRep+
[    2.014969] pciehp 0000:00:15.4:pcie004: Slot #164 AttnBtn+ PwrCtrl+ MRL- AttnInd- PwrInd- HotPlug+ Surprise- Interlock- NoCompl+ LLActRep+
[    2.015269] pciehp 0000:00:15.5:pcie004: Slot #165 AttnBtn+ PwrCtrl+ MRL- AttnInd- PwrInd- HotPlug+ Surprise- Interlock- NoCompl+ LLActRep+
[    2.015567] pciehp 0000:00:15.6:pcie004: Slot #166 AttnBtn+ PwrCtrl+ MRL- AttnInd- PwrInd- HotPlug+ Surprise- Interlock- NoCompl+ LLActRep+
[    2.015862] pciehp 0000:00:15.7:pcie004: Slot #167 AttnBtn+ PwrCtrl+ MRL- AttnInd- PwrInd- HotPlug+ Surprise- Interlock- NoCompl+ LLActRep+
[    2.016182] pciehp 0000:00:16.0:pcie004: Slot #192 AttnBtn+ PwrCtrl+ MRL- AttnInd- PwrInd- HotPlug+ Surprise- Interlock- NoCompl+ LLActRep+
[    2.016478] pciehp 0000:00:16.1:pcie004: Slot #193 AttnBtn+ PwrCtrl+ MRL- AttnInd- PwrInd- HotPlug+ Surprise- Interlock- NoCompl+ LLActRep+
[    2.016778] pciehp 0000:00:16.2:pcie004: Slot #194 AttnBtn+ PwrCtrl+ MRL- AttnInd- PwrInd- HotPlug+ Surprise- Interlock- NoCompl+ LLActRep+
[    2.017075] pciehp 0000:00:16.3:pcie004: Slot #195 AttnBtn+ PwrCtrl+ MRL- AttnInd- PwrInd- HotPlug+ Surprise- Interlock- NoCompl+ LLActRep+
[    2.017369] pciehp 0000:00:16.4:pcie004: Slot #196 AttnBtn+ PwrCtrl+ MRL- AttnInd- PwrInd- HotPlug+ Surprise- Interlock- NoCompl+ LLActRep+
[    2.017665] pciehp 0000:00:16.5:pcie004: Slot #197 AttnBtn+ PwrCtrl+ MRL- AttnInd- PwrInd- HotPlug+ Surprise- Interlock- NoCompl+ LLActRep+
[    2.017961] pciehp 0000:00:16.6:pcie004: Slot #198 AttnBtn+ PwrCtrl+ MRL- AttnInd- PwrInd- HotPlug+ Surprise- Interlock- NoCompl+ LLActRep+
[    2.018255] pciehp 0000:00:16.7:pcie004: Slot #199 AttnBtn+ PwrCtrl+ MRL- AttnInd- PwrInd- HotPlug+ Surprise- Interlock- NoCompl+ LLActRep+
[    2.018554] pciehp 0000:00:17.0:pcie004: Slot #224 AttnBtn+ PwrCtrl+ MRL- AttnInd- PwrInd- HotPlug+ Surprise- Interlock- NoCompl+ LLActRep+
[    2.018851] pciehp 0000:00:17.1:pcie004: Slot #225 AttnBtn+ PwrCtrl+ MRL- AttnInd- PwrInd- HotPlug+ Surprise- Interlock- NoCompl+ LLActRep+
[    2.019146] pciehp 0000:00:17.2:pcie004: Slot #226 AttnBtn+ PwrCtrl+ MRL- AttnInd- PwrInd- HotPlug+ Surprise- Interlock- NoCompl+ LLActRep+
[    2.019443] pciehp 0000:00:17.3:pcie004: Slot #227 AttnBtn+ PwrCtrl+ MRL- AttnInd- PwrInd- HotPlug+ Surprise- Interlock- NoCompl+ LLActRep+
[    2.019738] pciehp 0000:00:17.4:pcie004: Slot #228 AttnBtn+ PwrCtrl+ MRL- AttnInd- PwrInd- HotPlug+ Surprise- Interlock- NoCompl+ LLActRep+
[    2.020043] pciehp 0000:00:17.5:pcie004: Slot #229 AttnBtn+ PwrCtrl+ MRL- AttnInd- PwrInd- HotPlug+ Surprise- Interlock- NoCompl+ LLActRep+
[    2.020343] pciehp 0000:00:17.6:pcie004: Slot #230 AttnBtn+ PwrCtrl+ MRL- AttnInd- PwrInd- HotPlug+ Surprise- Interlock- NoCompl+ LLActRep+
[    2.020638] pciehp 0000:00:17.7:pcie004: Slot #231 AttnBtn+ PwrCtrl+ MRL- AttnInd- PwrInd- HotPlug+ Surprise- Interlock- NoCompl+ LLActRep+
[    2.020933] pciehp 0000:00:18.0:pcie004: Slot #256 AttnBtn+ PwrCtrl+ MRL- AttnInd- PwrInd- HotPlug+ Surprise- Interlock- NoCompl+ LLActRep+
[    2.021231] pciehp 0000:00:18.1:pcie004: Slot #257 AttnBtn+ PwrCtrl+ MRL- AttnInd- PwrInd- HotPlug+ Surprise- Interlock- NoCompl+ LLActRep+
[    2.021527] pciehp 0000:00:18.2:pcie004: Slot #258 AttnBtn+ PwrCtrl+ MRL- AttnInd- PwrInd- HotPlug+ Surprise- Interlock- NoCompl+ LLActRep+
[    2.021822] pciehp 0000:00:18.3:pcie004: Slot #259 AttnBtn+ PwrCtrl+ MRL- AttnInd- PwrInd- HotPlug+ Surprise- Interlock- NoCompl+ LLActRep+
[    2.022121] pciehp 0000:00:18.4:pcie004: Slot #260 AttnBtn+ PwrCtrl+ MRL- AttnInd- PwrInd- HotPlug+ Surprise- Interlock- NoCompl+ LLActRep+
[    2.022417] pciehp 0000:00:18.5:pcie004: Slot #261 AttnBtn+ PwrCtrl+ MRL- AttnInd- PwrInd- HotPlug+ Surprise- Interlock- NoCompl+ LLActRep+
[    2.022712] pciehp 0000:00:18.6:pcie004: Slot #262 AttnBtn+ PwrCtrl+ MRL- AttnInd- PwrInd- HotPlug+ Surprise- Interlock- NoCompl+ LLActRep+
[    2.023004] pciehp 0000:00:18.7:pcie004: Slot #263 AttnBtn+ PwrCtrl+ MRL- AttnInd- PwrInd- HotPlug+ Surprise- Interlock- NoCompl+ LLActRep+
[    2.023293] intel_idle: Please enable MWAIT in BIOS SETUP
[    2.023571] ACPI: AC Adapter [ACAD] (on-line)
[    2.023730] input: Power Button as /devices/LNXSYSTM:00/LNXPWRBN:00/input/input0
[    2.023860] ACPI: Power Button [PWRF]
[    2.024660] Serial: 8250/16550 driver, 32 ports, IRQ sharing enabled
[    2.027290] Linux agpgart interface v0.103
[    2.027518] agpgart-intel 0000:00:00.0: Intel 440BX Chipset
[    2.028550] agpgart-intel 0000:00:00.0: AGP aperture is 256M @ 0x0
[    2.031504] loop: module loaded
[    2.031992] ata_piix 0000:00:07.1: version 2.13
[    2.032698] scsi host0: ata_piix
[    2.032953] scsi host1: ata_piix
[    2.033053] ata1: PATA max UDMA/33 cmd 0x1f0 ctl 0x3f6 bmdma 0x1060 irq 14
[    2.033153] ata2: PATA max UDMA/33 cmd 0x170 ctl 0x376 bmdma 0x1068 irq 15
[    2.033369] libphy: Fixed MDIO Bus: probed
[    2.033439] tun: Universal TUN/TAP device driver, 1.6
[    2.033577] PPP generic driver version 2.4.2
[    2.033698] ehci_hcd: USB 2.0 'Enhanced' Host Controller (EHCI) Driver
[    2.033798] ehci-pci: EHCI PCI platform driver
[    2.033881] ehci-platform: EHCI generic platform driver
[    2.033969] ohci_hcd: USB 1.1 'Open' Host Controller (OHCI) Driver
[    2.034060] ohci-pci: OHCI PCI platform driver
[    2.034143] ohci-platform: OHCI generic platform driver
[    2.034231] uhci_hcd: USB Universal Host Controller Interface driver
[    2.034394] i8042: PNP: PS/2 Controller [PNP0303:KBC,PNP0f13:MOUS] at 0x60,0x64 irq 1,12
[    2.036122] serio: i8042 KBD port at 0x60,0x64 irq 1
[    2.036218] serio: i8042 AUX port at 0x60,0x64 irq 12
[    2.036493] mousedev: PS/2 mouse device common for all mice
[    2.057700] input: AT Translated Set 2 keyboard as /devices/platform/i8042/serio0/input/input1
[    2.058306] rtc_cmos 00:01: registered as rtc0
[    2.058415] rtc_cmos 00:01: alarms up to one month, y3k, 114 bytes nvram, hpet irqs
[    2.058539] i2c /dev entries driver
[    2.058653] device-mapper: uevent: version 1.0.3
[    2.058838] device-mapper: ioctl: 4.39.0-ioctl (2018-04-03) initialised: dm-devel@redhat.com
[    2.059001] ledtrig-cpu: registered to indicate activity on CPUs
[    2.059637] NET: Registered protocol family 10
[    2.060034] Segment Routing with IPv6
[    2.060124] NET: Registered protocol family 17
[    2.060203] Key type dns_resolver registered
[    2.060425] sched_clock: Marking stable (2060350734, 0)->(2559585514, -499234780)
[    2.061003] registered taskstats version 1
[    2.061075] Loading compiled-in X.509 certificates
[    2.065418] Loaded X.509 cert 'Build time autogenerated kernel key: badf9c584a7d089d36b673de8b2dca337d38a979'
[    2.065581] zswap: loaded using pool lzo/zbud
[    2.070984] Key type big_key registered
[    2.073600] Key type trusted registered
[    2.076276] Key type encrypted registered
[    2.076352] AppArmor: AppArmor sha1 policy hashing enabled
[    2.076441] ima: No TPM chip found, activating TPM-bypass! (rc=-19)
[    2.076534] ima: Allocated hash algorithm: sha1
[    2.076623] evm: Initialising EVM extended attributes:
[    2.076701] evm: security.selinux
[    2.076757] evm: security.SMACK64
[    2.076814] evm: security.SMACK64EXEC
[    2.076874] evm: security.SMACK64TRANSMUTE
[    2.076940] evm: security.SMACK64MMAP
[    2.077000] evm: security.apparmor
[    2.077057] evm: security.ima
[    2.077110] evm: security.capability
[    2.077169] evm: HMAC attrs: 0x1
[    2.078580]   Magic number: 11:245:544
[    2.078661] tty ttyS20: hash matches
[    2.078987] rtc_cmos 00:01: setting system clock to 2019-11-11 18:30:57 UTC (1573497057)
[    2.217673] Freeing unused kernel memory: 1708K
[    2.232065] Write protecting the kernel read-only data: 18432k
[    2.233167] Freeing unused kernel memory: 2008K
[    2.233909] Freeing unused kernel memory: 196K
[    2.255556] random: systemd-udevd: uninitialized urandom read (16 bytes read)
[    2.255896] random: systemd-udevd: uninitialized urandom read (16 bytes read)
[    2.256046] random: systemd-udevd: uninitialized urandom read (16 bytes read)
[    2.446486] Fusion MPT base driver 3.04.20
[    2.446583] Copyright (c) 1999-2008 LSI Corporation
[    2.462322] VMware vmxnet3 virtual NIC driver - version 1.4.16.0-k-NAPI
[    2.462490] vmxnet3 0000:03:00.0: # of Tx queues : 2, # of Rx queues : 2
[    2.480149] ahci 0000:02:01.0: version 3.0
[    2.481688] ahci 0000:02:01.0: AHCI 0001.0300 32 slots 30 ports 6 Gbps 0x3fffffff impl SATA mode
[    2.481827] ahci 0000:02:01.0: flags: 64bit ncq clo only 
[    2.520859] scsi host2: ahci
[    2.525924] vmxnet3 0000:03:00.0 eth0: NIC Link is Up 10000 Mbps
[    2.528515] scsi host3: ahci
[    2.538979] scsi host4: ahci
[    2.542253] Fusion MPT SPI Host driver 3.04.20
[    2.548126] scsi host5: ahci
[    2.560489] scsi host6: ahci
[    2.572239] scsi host7: ahci
[    2.580054] scsi host8: ahci
[    2.583045] cryptd: max_cpu_qlen set to 1000
[    2.592057] scsi host9: ahci
[    2.604150] scsi host10: ahci
[    2.613071] scsi host11: ahci
[    2.620056] scsi host12: ahci
[    2.646987] scsi host13: ahci
[    2.652082] mptbase: ioc0: Initiating bringup
[    2.656054] scsi host14: ahci
[    2.662864] AVX version of gcm_enc/dec engaged.
[    2.662982] AES CTR mode by8 optimization enabled
[    2.663164] scsi host15: ahci
[    2.672109] scsi host16: ahci
[    2.680053] scsi host17: ahci
[    2.687348] scsi host18: ahci
[    2.693321] scsi host19: ahci
[    2.700059] scsi host20: ahci
[    2.707956] scsi host21: ahci
[    2.717561] input: VirtualPS/2 VMware VMMouse as /devices/platform/i8042/serio1/input/input4
[    2.718434] input: VirtualPS/2 VMware VMMouse as /devices/platform/i8042/serio1/input/input3
[    2.726498] scsi host22: ahci
[    2.733970] scsi host23: ahci
[    2.772715] ioc0: LSI53C1030 B0: Capabilities={Initiator}
[    2.785429] scsi host24: ahci
[    2.786192] vmxnet3 0000:03:00.0 ens160: renamed from eth0
[    2.792053] scsi host25: ahci
[    2.798760] scsi host26: ahci
[    2.799320] scsi host27: ahci
[    2.799821] scsi host28: ahci
[    2.800374] scsi host29: ahci
[    2.801308] scsi host30: ahci
[    2.801810] scsi host31: ahci
[    2.801985] ata3: SATA max UDMA/133 abar m4096@0xfd5ff000 port 0xfd5ff100 irq 56
[    2.802185] ata4: SATA max UDMA/133 abar m4096@0xfd5ff000 port 0xfd5ff180 irq 56
[    2.802351] ata5: SATA max UDMA/133 abar m4096@0xfd5ff000 port 0xfd5ff200 irq 56
[    2.802517] ata6: SATA max UDMA/133 abar m4096@0xfd5ff000 port 0xfd5ff280 irq 56
[    2.802682] ata7: SATA max UDMA/133 abar m4096@0xfd5ff000 port 0xfd5ff300 irq 56
[    2.802849] ata8: SATA max UDMA/133 abar m4096@0xfd5ff000 port 0xfd5ff380 irq 56
[    2.803015] ata9: SATA max UDMA/133 abar m4096@0xfd5ff000 port 0xfd5ff400 irq 56
[    2.803180] ata10: SATA max UDMA/133 abar m4096@0xfd5ff000 port 0xfd5ff480 irq 56
[    2.803341] ata11: SATA max UDMA/133 abar m4096@0xfd5ff000 port 0xfd5ff500 irq 56
[    2.803501] ata12: SATA max UDMA/133 abar m4096@0xfd5ff000 port 0xfd5ff580 irq 56
[    2.803661] ata13: SATA max UDMA/133 abar m4096@0xfd5ff000 port 0xfd5ff600 irq 56
[    2.803822] ata14: SATA max UDMA/133 abar m4096@0xfd5ff000 port 0xfd5ff680 irq 56
[    2.803982] ata15: SATA max UDMA/133 abar m4096@0xfd5ff000 port 0xfd5ff700 irq 56
[    2.804180] ata16: SATA max UDMA/133 abar m4096@0xfd5ff000 port 0xfd5ff780 irq 56
[    2.804344] ata17: SATA max UDMA/133 abar m4096@0xfd5ff000 port 0xfd5ff800 irq 56
[    2.804506] ata18: SATA max UDMA/133 abar m4096@0xfd5ff000 port 0xfd5ff880 irq 56
[    2.804667] ata19: SATA max UDMA/133 abar m4096@0xfd5ff000 port 0xfd5ff900 irq 56
[    2.804827] ata20: SATA max UDMA/133 abar m4096@0xfd5ff000 port 0xfd5ff980 irq 56
[    2.804991] ata21: SATA max UDMA/133 abar m4096@0xfd5ff000 port 0xfd5ffa00 irq 56
[    2.805168] ata22: SATA max UDMA/133 abar m4096@0xfd5ff000 port 0xfd5ffa80 irq 56
[    2.805328] ata23: SATA max UDMA/133 abar m4096@0xfd5ff000 port 0xfd5ffb00 irq 56
[    2.805489] ata24: SATA max UDMA/133 abar m4096@0xfd5ff000 port 0xfd5ffb80 irq 56
[    2.805649] ata25: SATA max UDMA/133 abar m4096@0xfd5ff000 port 0xfd5ffc00 irq 56
[    2.805809] ata26: SATA max UDMA/133 abar m4096@0xfd5ff000 port 0xfd5ffc80 irq 56
[    2.805970] ata27: SATA max UDMA/133 abar m4096@0xfd5ff000 port 0xfd5ffd00 irq 56
[    2.806140] ata28: SATA max UDMA/133 abar m4096@0xfd5ff000 port 0xfd5ffd80 irq 56
[    2.806312] ata29: SATA max UDMA/133 abar m4096@0xfd5ff000 port 0xfd5ffe00 irq 56
[    2.806489] ata30: SATA max UDMA/133 abar m4096@0xfd5ff000 port 0xfd5ffe80 irq 56
[    2.806659] ata31: SATA max UDMA/133 abar m4096@0xfd5ff000 port 0xfd5fff00 irq 56
[    2.806828] ata32: SATA max UDMA/133 abar m4096@0xfd5ff000 port 0xfd5fff80 irq 56
[    3.017147] scsi host32: ioc0: LSI53C1030 B0, FwRev=01032920h, Ports=1, MaxQ=128, IRQ=17
[    3.057802] tsc: Refined TSC clocksource calibration: 1800.001 MHz
[    3.057915] clocksource: tsc: mask: 0xffffffffffffffff max_cycles: 0x19f22aa45f0, max_idle_ns: 440795269146 ns
[    3.058130] clocksource: Switched to clocksource tsc
[    3.067941] [drm] DMA map mode: Using physical TTM page addresses.
[    3.068341] [drm] Capabilities:
[    3.068400] [drm]   Rect copy.
[    3.068454] [drm]   Cursor.
[    3.068505] [drm]   Cursor bypass.
[    3.068563] [drm]   Cursor bypass 2.
[    3.068622] [drm]   8bit emulation.
[    3.068681] [drm]   Alpha cursor.
[    3.068737] [drm]   Extended Fifo.
[    3.068794] [drm]   Multimon.
[    3.068847] [drm]   Pitchlock.
[    3.068900] [drm]   Irq mask.
[    3.068953] [drm]   Display Topology.
[    3.069013] [drm]   GMR.
[    3.069061] [drm]   Traces.
[    3.069112] [drm]   GMR2.
[    3.069161] [drm]   Screen Object 2.
[    3.069220] [drm]   Command Buffers.
[    3.069279] [drm]   Command Buffers 2.
[    3.069340] [drm]   Guest Backed Resources.
[    3.069406] [drm] Max GMR ids is 64
[    3.069465] [drm] Max number of GMR pages is 65536
[    3.069539] [drm] Max dedicated hypervisor surface memory is 0 kiB
[    3.069626] [drm] Maximum display memory size is 4096 kiB
[    3.069706] [drm] VRAM at 0xe8000000 size is 4096 kiB
[    3.069781] [drm] MMIO at 0xfe000000 size is 256 kiB
[    3.069857] [drm] global init.
[    3.070047] [TTM] Zone  kernel: Available graphics memory: 502230 kiB
[    3.070142] [TTM] Initializing pool allocator
[    3.070215] [TTM] Initializing DMA pool allocator
[    3.070589] [drm] Supports vblank timestamp caching Rev 2 (21.10.2013).
[    3.070690] [drm] No driver support for vblank timestamp query.
[    3.071249] [drm] Screen Target Display device initialized
[    3.071396] [drm] width 640
[    3.071464] [drm] height 480
[    3.071532] [drm] bpp 32
[    3.074384] [drm] Fifo max 0x00040000 min 0x00001000 cap 0x0000077f
[    3.075533] [drm] Using command buffers with DMA pool.
[    3.075627] [drm] DX: no.
[    3.075679] [drm] Atomic: yes
[    3.080725] fbcon: svgadrmfb (fb0) is primary device
[    3.083404] Console: switching to colour frame buffer device 100x37
[    3.105774] [drm] Initialized vmwgfx 2.14.1 20180322 for 0000:00:0f.0 on minor 0
[    3.120129] ata3: SATA link up 6.0 Gbps (SStatus 133 SControl 300)
[    3.120391] ata4: SATA link down (SStatus 0 SControl 300)
[    3.120538] ata5: SATA link down (SStatus 0 SControl 300)
[    3.120659] ata3.00: ATAPI: VMware Virtual SATA CDRW Drive, 00000001, max UDMA/33
[    3.120968] ata3.00: configured for UDMA/33
[    3.121399] scsi 2:0:0:0: CD-ROM            NECVMWar VMware SATA CD00 1.00 PQ: 0 ANSI: 5
[    3.121881] sr 2:0:0:0: [sr0] scsi3-mmc drive: 1x/1x writer dvd-ram cd/rw xa/form2 cdda tray
[    3.121947] cdrom: Uniform CD-ROM driver Revision: 3.20
[    3.122112] sr 2:0:0:0: Attached scsi CD-ROM sr0
[    3.122214] sr 2:0:0:0: Attached scsi generic sg0 type 5
[    3.127355] ata6: SATA link down (SStatus 0 SControl 300)
[    3.131101] ata13: SATA link down (SStatus 0 SControl 300)
[    3.131889] ata20: SATA link down (SStatus 0 SControl 300)
[    3.132611] ata12: SATA link down (SStatus 0 SControl 300)
[    3.133451] ata11: SATA link down (SStatus 0 SControl 300)
[    3.134134] ata19: SATA link down (SStatus 0 SControl 300)
[    3.134827] ata10: SATA link down (SStatus 0 SControl 300)
[    3.135499] ata8: SATA link down (SStatus 0 SControl 300)
[    3.136239] ata14: SATA link down (SStatus 0 SControl 300)
[    3.136901] ata18: SATA link down (SStatus 0 SControl 300)
[    3.137606] ata16: SATA link down (SStatus 0 SControl 300)
[    3.138247] ata17: SATA link down (SStatus 0 SControl 300)
[    3.138918] ata9: SATA link down (SStatus 0 SControl 300)
[    3.139559] ata31: SATA link down (SStatus 0 SControl 300)
[    3.140252] ata23: SATA link down (SStatus 0 SControl 300)
[    3.140860] ata27: SATA link down (SStatus 0 SControl 300)
[    3.141458] ata22: SATA link down (SStatus 0 SControl 300)
[    3.142029] ata24: SATA link down (SStatus 0 SControl 300)
[    3.142586] ata15: SATA link down (SStatus 0 SControl 300)
[    3.143142] ata29: SATA link down (SStatus 0 SControl 300)
[    3.143696] ata7: SATA link down (SStatus 0 SControl 300)
[    3.144261] ata32: SATA link down (SStatus 0 SControl 300)
[    3.144809] ata28: SATA link down (SStatus 0 SControl 300)
[    3.145405] ata26: SATA link down (SStatus 0 SControl 300)
[    3.145948] ata25: SATA link down (SStatus 0 SControl 300)
[    3.146491] ata21: SATA link down (SStatus 0 SControl 300)
[    3.146999] ata30: SATA link down (SStatus 0 SControl 300)
[    3.208459] scsi 32:0:0:0: Direct-Access     VMware   Virtual disk     1.0  PQ: 0 ANSI: 2
[    3.244198] scsi target32:0:0: Beginning Domain Validation
[    3.245430] scsi target32:0:0: Domain Validation skipping write tests
[    3.245924] scsi target32:0:0: Ending Domain Validation
[    3.246451] scsi target32:0:0: FAST-40 WIDE SCSI 80.0 MB/s ST (25 ns, offset 127)
[    3.248836] sd 32:0:0:0: [sda] 62914560 512-byte logical blocks: (32.2 GB/30.0 GiB)
[    3.249523] sd 32:0:0:0: [sda] Write Protect is off
[    3.249993] sd 32:0:0:0: [sda] Mode Sense: 61 00 00 00
[    3.250038] sd 32:0:0:0: [sda] Cache data unavailable
[    3.250486] sd 32:0:0:0: [sda] Assuming drive cache: write through
[    3.251498] sd 32:0:0:0: Attached scsi generic sg1 type 0
[    3.251973]  sda: sda1 sda2 < sda5 >
[    3.253028] sd 32:0:0:0: [sda] Attached SCSI disk
[    3.544064] raid6: sse2x1   gen()  3711 MB/s
[    3.612043] raid6: sse2x1   xor()  2453 MB/s
[    3.680061] raid6: sse2x2   gen()  3838 MB/s
[    3.748032] raid6: sse2x2   xor()  2779 MB/s
[    3.816060] raid6: sse2x4   gen()  4471 MB/s
[    3.884042] raid6: sse2x4   xor()  3284 MB/s
[    3.884780] raid6: using algorithm sse2x4 gen() 4471 MB/s
[    3.885524] raid6: .... xor() 3284 MB/s, rmw enabled
[    3.886306] raid6: using ssse3x2 recovery algorithm
[    3.892805] xor: automatically using best checksumming function   avx       
[    3.905207] async_tx: api initialized (async)
[    4.402029] Btrfs loaded, crc32c=crc32c-intel
[    4.412858] random: fast init done
[    4.549960] EXT4-fs (sda1): mounted filesystem with ordered data mode. Opts: (null)
[    5.849275] systemd[1]: systemd 229 running in system mode. (+PAM +AUDIT +SELINUX +IMA +APPARMOR +SMACK +SYSVINIT +UTMP +LIBCRYPTSETUP +GCRYPT +GNUTLS +ACL +XZ -LZ4 +SECCOMP +BLKID +ELFUTILS +KMOD -IDN)
[    5.853276] systemd[1]: Detected virtualization vmware.
[    5.854509] systemd[1]: Detected architecture x86-64.
[    5.874451] systemd[1]: Set hostname to <vl30>.
[    7.273286] systemd[1]: Listening on fsck to fsckd communication Socket.
[    7.276287] systemd[1]: Started Trigger resolvconf update for networkd DNS.
[    7.279038] systemd[1]: Reached target User and Group Name Lookups.
[    7.284549] systemd[1]: Created slice System Slice.
[    7.287453] systemd[1]: Listening on Syslog Socket.
[    7.290375] systemd[1]: Listening on LVM2 metadata daemon socket.
[    7.302518] random: crng init done
[    7.303810] random: 7 urandom warning(s) missed due to ratelimiting
[    7.429442] EXT4-fs (sda1): re-mounted. Opts: errors=remount-ro
[    7.582736] Loading iSCSI transport class v2.0-870.
[    7.882545] iscsi: registered transport (tcp)
[    8.154038] systemd-journald[475]: Received request to flush runtime journal from PID 1
[    8.874718] iscsi: registered transport (iser)
[    9.836509] vmw_vmci 0000:00:07.7: Found VMCI PCI device at 0x11080, irq 16
[    9.836687] vmw_vmci 0000:00:07.7: Using capabilities 0xc
[    9.838306] Guest personality initialized and is active
[    9.838438] VMCI host device registered (name=vmci, major=10, minor=55)
[    9.838439] Initialized host personality
[   10.190458] NET: Registered protocol family 40
[   10.377641] piix4_smbus 0000:00:07.3: SMBus Host Controller not enabled!
[   10.422862] audit: type=1400 audit(1573497065.839:2): apparmor="STATUS" operation="profile_load" profile="unconfined" name="lxc-container-default" pid=663 comm="apparmor_parser"
[   10.422869] audit: type=1400 audit(1573497065.839:3): apparmor="STATUS" operation="profile_load" profile="unconfined" name="lxc-container-default-cgns" pid=663 comm="apparmor_parser"
[   10.422873] audit: type=1400 audit(1573497065.839:4): apparmor="STATUS" operation="profile_load" profile="unconfined" name="lxc-container-default-with-mounting" pid=663 comm="apparmor_parser"
[   10.422877] audit: type=1400 audit(1573497065.839:5): apparmor="STATUS" operation="profile_load" profile="unconfined" name="lxc-container-default-with-nesting" pid=663 comm="apparmor_parser"
[   10.431576] audit: type=1400 audit(1573497065.847:6): apparmor="STATUS" operation="profile_load" profile="unconfined" name="/usr/bin/lxc-start" pid=665 comm="apparmor_parser"
[   10.434383] audit: type=1400 audit(1573497065.851:7): apparmor="STATUS" operation="profile_load" profile="unconfined" name="/sbin/dhclient" pid=664 comm="apparmor_parser"
[   10.434389] audit: type=1400 audit(1573497065.851:8): apparmor="STATUS" operation="profile_load" profile="unconfined" name="/usr/lib/NetworkManager/nm-dhcp-client.action" pid=664 comm="apparmor_parser"
[   10.434394] audit: type=1400 audit(1573497065.851:9): apparmor="STATUS" operation="profile_load" profile="unconfined" name="/usr/lib/NetworkManager/nm-dhcp-helper" pid=664 comm="apparmor_parser"
[   10.434397] audit: type=1400 audit(1573497065.851:10): apparmor="STATUS" operation="profile_load" profile="unconfined" name="/usr/lib/connman/scripts/dhclient-script" pid=664 comm="apparmor_parser"
[   10.458240] audit: type=1400 audit(1573497065.875:11): apparmor="STATUS" operation="profile_load" profile="unconfined" name="/usr/lib/lxd/lxd-bridge-proxy" pid=667 comm="apparmor_parser"
[   11.105737] vmxnet3 0000:03:00.0 ens160: intr type 3, mode 0, 3 vectors allocated
[   11.108049] vmxnet3 0000:03:00.0 ens160: NIC Link is Up 10000 Mbps
[   11.581146] Adding 998396k swap on /dev/sda5.  Priority:-2 extents:1 across:998396k FS
[   12.512416] new mount options do not match the existing superblock, will be ignored
